[2024-03-04 15:33:41,755: INFO: main: Welcome to out custom log]
[2024-03-05 11:26:50,722: INFO: common: yaml file: config/config.yaml loaded successfully]
[2024-03-05 11:26:50,724: INFO: common: yaml file: params.yaml loaded successfully]
[2024-03-05 11:26:50,726: INFO: common: created directory at: artifacts]
[2024-03-05 11:27:51,449: INFO: common: yaml file: config/config.yaml loaded successfully]
[2024-03-05 11:27:51,451: INFO: common: yaml file: params.yaml loaded successfully]
[2024-03-05 11:27:51,451: INFO: common: created directory at: artifacts]
[2024-03-05 11:27:51,452: INFO: common: created directory at: artifacts/data_ingestion]
[2024-03-05 11:28:22,541: INFO: common: yaml file: config/config.yaml loaded successfully]
[2024-03-05 11:28:22,543: INFO: common: yaml file: params.yaml loaded successfully]
[2024-03-05 11:28:22,544: INFO: common: created directory at: artifacts]
[2024-03-05 11:28:22,545: INFO: common: created directory at: artifacts/data_ingestion]
[2024-03-05 11:30:34,132: INFO: common: yaml file: config/config.yaml loaded successfully]
[2024-03-05 11:30:34,133: INFO: common: yaml file: params.yaml loaded successfully]
[2024-03-05 11:30:34,134: INFO: common: created directory at: artifacts]
[2024-03-05 11:30:34,135: INFO: common: created directory at: artifacts/data_ingestion]
[2024-03-05 11:30:34,135: INFO: 3901570686: Downloading data from https://drive.google.com/file/d/1vlhZ5c7abUKF8xXERIw6m9Te8fW7ohw3/view?usp=sharing into file artifacts/data_ingestion/data.zip]
[2024-03-05 11:30:39,490: INFO: 3901570686: Downloaded data from https://drive.google.com/file/d/1vlhZ5c7abUKF8xXERIw6m9Te8fW7ohw3/view?usp=sharing into file artifacts/data_ingestion/data.zip ]
[2024-03-05 11:31:31,237: INFO: common: yaml file: config/config.yaml loaded successfully]
[2024-03-05 11:31:31,238: INFO: common: yaml file: params.yaml loaded successfully]
[2024-03-05 11:31:31,239: INFO: common: created directory at: artifacts]
[2024-03-05 11:31:31,239: INFO: common: created directory at: artifacts/data_ingestion]
[2024-03-05 11:31:31,240: INFO: 347908917: Downloading data from https://drive.google.com/file/d/1vlhZ5c7abUKF8xXERIw6m9Te8fW7ohw3/view?usp=sharing into file artifacts/data_ingestion/data.zip]
[2024-03-05 11:31:35,638: INFO: 347908917: Downloaded data from https://drive.google.com/file/d/1vlhZ5c7abUKF8xXERIw6m9Te8fW7ohw3/view?usp=sharing into file artifacts/data_ingestion/data.zip ]
[2024-03-05 11:31:55,135: INFO: common: yaml file: config/config.yaml loaded successfully]
[2024-03-05 11:31:55,136: INFO: common: yaml file: params.yaml loaded successfully]
[2024-03-05 11:31:55,137: INFO: common: created directory at: artifacts]
[2024-03-05 11:31:55,138: INFO: common: created directory at: artifacts/data_ingestion]
[2024-03-05 11:31:55,138: INFO: 4244723930: Downloading data from https://drive.google.com/file/d/1vlhZ5c7abUKF8xXERIw6m9Te8fW7ohw3/view?usp=sharing into file artifacts/data_ingestion/data.zip]
[2024-03-05 11:31:59,647: INFO: 4244723930: Downloaded data from https://drive.google.com/file/d/1vlhZ5c7abUKF8xXERIw6m9Te8fW7ohw3/view?usp=sharing into file artifacts/data_ingestion/data.zip ]
[2024-03-05 11:56:05,392: INFO: main:  >>>>>> stage Data Ingestion stage started <<<<<<]
[2024-03-05 11:56:05,394: INFO: common: yaml file: config/config.yaml loaded successfully]
[2024-03-05 11:56:05,394: INFO: common: yaml file: params.yaml loaded successfully]
[2024-03-05 11:56:05,394: INFO: common: created directory at: artifacts]
[2024-03-05 11:56:05,394: INFO: common: created directory at: artifacts/data_ingestion]
[2024-03-05 11:56:05,394: INFO: data_ingestion: Downloading data from https://drive.google.com/file/d/1vlhZ5c7abUKF8xXERIw6m9Te8fW7ohw3/view?usp=sharing into file artifacts/data_ingestion/data.zip]
[2024-03-05 11:56:14,885: INFO: data_ingestion: Downloaded data from https://drive.google.com/file/d/1vlhZ5c7abUKF8xXERIw6m9Te8fW7ohw3/view?usp=sharing into file artifacts/data_ingestion/data.zip ]
[2024-03-05 11:56:15,391: INFO: main: >>>>>> stage Data Ingestion stage completed <<<<<<

x=============x]
[2024-03-05 15:19:09,374: INFO: common: yaml file: config/config.yaml loaded successfully]
[2024-03-05 15:19:09,388: INFO: common: yaml file: params.yaml loaded successfully]
[2024-03-05 15:19:09,392: INFO: common: created directory at: artifacts]
[2024-03-05 15:19:09,393: INFO: common: created directory at: artifacts/prepare_base_model]
[2024-03-05 15:19:16,320: WARNING: saving_utils: Compiled the loaded model, but the compiled metrics have yet to be built. `model.compile_metrics` will be empty until you train or evaluate the model.]
[2024-03-05 15:20:43,141: INFO: common: yaml file: config/config.yaml loaded successfully]
[2024-03-05 15:20:43,143: INFO: common: yaml file: params.yaml loaded successfully]
[2024-03-05 15:20:43,143: INFO: common: created directory at: artifacts]
[2024-03-05 15:20:43,144: INFO: common: created directory at: artifacts/prepare_base_model]
[2024-03-05 15:20:43,701: WARNING: saving_utils: Compiled the loaded model, but the compiled metrics have yet to be built. `model.compile_metrics` will be empty until you train or evaluate the model.]
[2024-03-05 15:20:43,773: WARNING: optimizer: At this time, the v2.11+ optimizer `tf.keras.optimizers.SGD` runs slowly on M1/M2 Macs, please use the legacy Keras optimizer instead, located at `tf.keras.optimizers.legacy.SGD`.]
[2024-03-05 15:20:43,798: WARNING: __init__: There is a known slowdown when using v2.11+ Keras optimizers on M1/M2 Macs. Falling back to the legacy Keras optimizer, i.e., `tf.keras.optimizers.legacy.SGD`.]
[2024-03-05 15:37:50,581: INFO: main:  >>>>>> stage Data Ingestion stage started <<<<<<]
[2024-03-05 15:37:50,583: INFO: common: yaml file: config/config.yaml loaded successfully]
[2024-03-05 15:37:50,584: INFO: common: yaml file: params.yaml loaded successfully]
[2024-03-05 15:37:50,584: INFO: common: created directory at: artifacts]
[2024-03-05 15:37:50,585: INFO: common: created directory at: artifacts/data_ingestion]
[2024-03-05 15:37:50,585: INFO: data_ingestion: Downloading data from https://drive.google.com/file/d/1vlhZ5c7abUKF8xXERIw6m9Te8fW7ohw3/view?usp=sharing into file artifacts/data_ingestion/data.zip]
[2024-03-05 15:37:58,855: INFO: data_ingestion: Downloaded data from https://drive.google.com/file/d/1vlhZ5c7abUKF8xXERIw6m9Te8fW7ohw3/view?usp=sharing into file artifacts/data_ingestion/data.zip ]
[2024-03-05 15:37:59,354: INFO: main: >>>>>> stage Data Ingestion stage completed <<<<<<

x=============x]
[2024-03-05 15:37:59,354: INFO: main: *****************]
[2024-03-05 15:37:59,354: INFO: main: >>>>>> stage Prepare base model  started <<<<<<]
[2024-03-05 15:37:59,355: INFO: common: yaml file: config/config.yaml loaded successfully]
[2024-03-05 15:37:59,356: INFO: common: yaml file: params.yaml loaded successfully]
[2024-03-05 15:37:59,357: INFO: common: created directory at: artifacts]
[2024-03-05 15:37:59,357: INFO: common: created directory at: artifacts/prepare_base_model]
[2024-03-05 15:37:59,772: WARNING: saving_utils: Compiled the loaded model, but the compiled metrics have yet to be built. `model.compile_metrics` will be empty until you train or evaluate the model.]
[2024-03-05 15:37:59,839: WARNING: optimizer: At this time, the v2.11+ optimizer `tf.keras.optimizers.SGD` runs slowly on M1/M2 Macs, please use the legacy Keras optimizer instead, located at `tf.keras.optimizers.legacy.SGD`.]
[2024-03-05 15:37:59,841: WARNING: __init__: There is a known slowdown when using v2.11+ Keras optimizers on M1/M2 Macs. Falling back to the legacy Keras optimizer, i.e., `tf.keras.optimizers.legacy.SGD`.]
[2024-03-05 15:37:59,895: INFO: main: >>>>>> stage Prepare base model conpleted <<<<<<

x==========================x]
[2024-03-05 16:43:39,674: INFO: common: yaml file: config/config.yaml loaded successfully]
[2024-03-05 16:43:39,677: INFO: common: yaml file: params.yaml loaded successfully]
[2024-03-05 16:43:39,678: INFO: common: created directory at: artifacts]
[2024-03-05 16:43:39,679: INFO: common: created directory at: artifacts/training]
[2024-03-05 16:45:33,539: INFO: common: yaml file: config/config.yaml loaded successfully]
[2024-03-05 16:45:33,542: INFO: common: yaml file: params.yaml loaded successfully]
[2024-03-05 16:45:33,543: INFO: common: created directory at: artifacts]
[2024-03-05 16:45:33,544: INFO: common: created directory at: artifacts/training]
[2024-03-05 16:46:39,864: INFO: common: yaml file: config/config.yaml loaded successfully]
[2024-03-05 16:46:39,867: INFO: common: yaml file: params.yaml loaded successfully]
[2024-03-05 16:46:39,867: INFO: common: created directory at: artifacts]
[2024-03-05 16:46:39,868: INFO: common: created directory at: artifacts/training]
[2024-03-05 17:20:24,372: INFO: main:  >>>>>> stage Data Ingestion stage started <<<<<<]
[2024-03-05 17:20:24,374: INFO: common: yaml file: config/config.yaml loaded successfully]
[2024-03-05 17:20:24,375: INFO: common: yaml file: params.yaml loaded successfully]
[2024-03-05 17:20:24,375: INFO: common: created directory at: artifacts]
[2024-03-05 17:20:24,375: INFO: common: created directory at: artifacts/data_ingestion]
[2024-03-05 17:20:24,375: INFO: data_ingestion: Downloading data from https://drive.google.com/file/d/1vlhZ5c7abUKF8xXERIw6m9Te8fW7ohw3/view?usp=sharing into file artifacts/data_ingestion/data.zip]
[2024-03-05 17:20:29,739: INFO: data_ingestion: Downloaded data from https://drive.google.com/file/d/1vlhZ5c7abUKF8xXERIw6m9Te8fW7ohw3/view?usp=sharing into file artifacts/data_ingestion/data.zip ]
[2024-03-05 17:20:30,253: INFO: main: >>>>>> stage Data Ingestion stage completed <<<<<<

x=============x]
[2024-03-05 17:20:30,254: INFO: main: *****************]
[2024-03-05 17:20:30,254: INFO: main: >>>>>> stage Prepare base model  started <<<<<<]
[2024-03-05 17:20:30,256: INFO: common: yaml file: config/config.yaml loaded successfully]
[2024-03-05 17:20:30,257: INFO: common: yaml file: params.yaml loaded successfully]
[2024-03-05 17:20:30,257: INFO: common: created directory at: artifacts]
[2024-03-05 17:20:30,257: INFO: common: created directory at: artifacts/prepare_base_model]
[2024-03-05 17:20:30,848: WARNING: saving_utils: Compiled the loaded model, but the compiled metrics have yet to be built. `model.compile_metrics` will be empty until you train or evaluate the model.]
[2024-03-05 17:20:30,918: WARNING: optimizer: At this time, the v2.11+ optimizer `tf.keras.optimizers.SGD` runs slowly on M1/M2 Macs, please use the legacy Keras optimizer instead, located at `tf.keras.optimizers.legacy.SGD`.]
[2024-03-05 17:20:30,919: WARNING: __init__: There is a known slowdown when using v2.11+ Keras optimizers on M1/M2 Macs. Falling back to the legacy Keras optimizer, i.e., `tf.keras.optimizers.legacy.SGD`.]
[2024-03-05 17:20:30,972: INFO: main: >>>>>> stage Prepare base model conpleted <<<<<<

x==========================x]
[2024-03-05 17:20:30,973: INFO: main: ********************************]
[2024-03-05 17:20:30,973: INFO: main: >>>>>> stage Model Training started <<<<<<]
[2024-03-05 17:20:30,975: INFO: common: yaml file: config/config.yaml loaded successfully]
[2024-03-05 17:20:30,977: INFO: common: yaml file: params.yaml loaded successfully]
[2024-03-05 17:20:30,977: INFO: common: created directory at: artifacts]
[2024-03-05 17:20:30,977: INFO: common: created directory at: artifacts/training]
[2024-03-05 17:21:59,322: INFO: main: >>>>>> stage Model Training completed <<<<<<

x=============x]
[2024-03-06 14:57:14,440: INFO: common: yaml file: config/config.yaml loaded successfully]
[2024-03-06 14:57:14,442: INFO: common: yaml file: params.yaml loaded successfully]
[2024-03-06 14:57:14,443: INFO: common: created directory at: artifacts]
[2024-03-06 14:57:45,019: INFO: common: json file saved at: scores.json]
[2024-03-06 14:57:47,725: INFO: builder_impl: Assets written to: /var/folders/22/fvpj_zfs185c11sz0qq87f5r0000gn/T/tmpg_9x2ghq/model/data/model/assets]
[2024-03-06 15:48:53,553: INFO: main:  >>>>>> stage Data Ingestion stage started <<<<<<]
[2024-03-06 15:48:53,554: INFO: common: yaml file: config/config.yaml loaded successfully]
[2024-03-06 15:48:53,555: INFO: common: yaml file: params.yaml loaded successfully]
[2024-03-06 15:48:53,556: INFO: common: created directory at: artifacts]
[2024-03-06 15:48:53,556: INFO: common: created directory at: artifacts/data_ingestion]
[2024-03-06 15:48:53,556: INFO: data_ingestion: Downloading data from https://drive.google.com/file/d/1vlhZ5c7abUKF8xXERIw6m9Te8fW7ohw3/view?usp=sharing into file artifacts/data_ingestion/data.zip]
[2024-03-06 15:49:02,700: INFO: data_ingestion: Downloaded data from https://drive.google.com/file/d/1vlhZ5c7abUKF8xXERIw6m9Te8fW7ohw3/view?usp=sharing into file artifacts/data_ingestion/data.zip ]
[2024-03-06 15:49:03,165: INFO: main: >>>>>> stage Data Ingestion stage completed <<<<<<

x=============x]
[2024-03-06 15:49:03,165: INFO: main: *****************]
[2024-03-06 15:49:03,165: INFO: main: >>>>>> stage Prepare base model  started <<<<<<]
[2024-03-06 15:49:03,167: INFO: common: yaml file: config/config.yaml loaded successfully]
[2024-03-06 15:49:03,168: INFO: common: yaml file: params.yaml loaded successfully]
[2024-03-06 15:49:03,168: INFO: common: created directory at: artifacts]
[2024-03-06 15:49:03,168: INFO: common: created directory at: artifacts/prepare_base_model]
[2024-03-06 15:49:03,549: WARNING: saving_utils: Compiled the loaded model, but the compiled metrics have yet to be built. `model.compile_metrics` will be empty until you train or evaluate the model.]
[2024-03-06 15:49:03,615: WARNING: optimizer: At this time, the v2.11+ optimizer `tf.keras.optimizers.SGD` runs slowly on M1/M2 Macs, please use the legacy Keras optimizer instead, located at `tf.keras.optimizers.legacy.SGD`.]
[2024-03-06 15:49:03,617: WARNING: __init__: There is a known slowdown when using v2.11+ Keras optimizers on M1/M2 Macs. Falling back to the legacy Keras optimizer, i.e., `tf.keras.optimizers.legacy.SGD`.]
[2024-03-06 15:49:03,665: INFO: main: >>>>>> stage Prepare base model conpleted <<<<<<

x==========================x]
[2024-03-06 15:49:03,665: INFO: main: ********************************]
[2024-03-06 15:49:03,665: INFO: main: >>>>>> stage Model Training started <<<<<<]
[2024-03-06 15:49:03,667: INFO: common: yaml file: config/config.yaml loaded successfully]
[2024-03-06 15:49:03,668: INFO: common: yaml file: params.yaml loaded successfully]
[2024-03-06 15:49:03,668: INFO: common: created directory at: artifacts]
[2024-03-06 15:49:03,668: INFO: common: created directory at: artifacts/training]
[2024-03-06 15:50:27,419: INFO: main: >>>>>> stage Model Training completed <<<<<<

x=============x]
[2024-03-06 15:50:27,420: INFO: main: *******************]
[2024-03-06 15:50:27,420: INFO: main: >>>>>> stage Evaluation Stage started <<<<<<]
[2024-03-06 15:50:27,423: INFO: common: yaml file: config/config.yaml loaded successfully]
[2024-03-06 15:50:27,424: INFO: common: yaml file: params.yaml loaded successfully]
[2024-03-06 15:50:27,424: INFO: common: created directory at: artifacts]
[2024-03-06 15:50:53,723: INFO: common: json file saved at: scores.json]
[2024-03-06 15:50:53,724: INFO: common: json file saved at: scores.json]
[2024-03-06 15:50:55,064: INFO: builder_impl: Assets written to: /var/folders/22/fvpj_zfs185c11sz0qq87f5r0000gn/T/tmp09iwcsu_/model/data/model/assets]
[2024-03-06 15:51:00,130: INFO: main: >>>>>> stage Evaluation Stage completed <<<<<<

x========================x]
[2024-03-06 15:52:14,244: INFO: common: yaml file: config/config.yaml loaded successfully]
[2024-03-06 15:52:14,247: INFO: common: yaml file: params.yaml loaded successfully]
[2024-03-06 15:52:14,248: INFO: common: created directory at: artifacts]
[2024-03-06 15:52:42,144: INFO: common: json file saved at: scores.json]
[2024-03-06 15:52:45,050: INFO: builder_impl: Assets written to: /var/folders/22/fvpj_zfs185c11sz0qq87f5r0000gn/T/tmp3dqqwe2n/model/data/model/assets]
[2024-03-06 15:54:18,542: INFO: main:  >>>>>> stage Data Ingestion stage started <<<<<<]
[2024-03-06 15:54:18,544: INFO: common: yaml file: config/config.yaml loaded successfully]
[2024-03-06 15:54:18,545: INFO: common: yaml file: params.yaml loaded successfully]
[2024-03-06 15:54:18,545: INFO: common: created directory at: artifacts]
[2024-03-06 15:54:18,545: INFO: common: created directory at: artifacts/data_ingestion]
[2024-03-06 15:54:18,545: INFO: data_ingestion: Downloading data from https://drive.google.com/file/d/1vlhZ5c7abUKF8xXERIw6m9Te8fW7ohw3/view?usp=sharing into file artifacts/data_ingestion/data.zip]
[2024-03-06 15:54:22,933: INFO: data_ingestion: Downloaded data from https://drive.google.com/file/d/1vlhZ5c7abUKF8xXERIw6m9Te8fW7ohw3/view?usp=sharing into file artifacts/data_ingestion/data.zip ]
[2024-03-06 15:54:23,397: INFO: main: >>>>>> stage Data Ingestion stage completed <<<<<<

x=============x]
[2024-03-06 15:54:23,397: INFO: main: *****************]
[2024-03-06 15:54:23,397: INFO: main: >>>>>> stage Prepare base model  started <<<<<<]
[2024-03-06 15:54:23,398: INFO: common: yaml file: config/config.yaml loaded successfully]
[2024-03-06 15:54:23,399: INFO: common: yaml file: params.yaml loaded successfully]
[2024-03-06 15:54:23,400: INFO: common: created directory at: artifacts]
[2024-03-06 15:54:23,400: INFO: common: created directory at: artifacts/prepare_base_model]
[2024-03-06 15:54:23,812: WARNING: saving_utils: Compiled the loaded model, but the compiled metrics have yet to be built. `model.compile_metrics` will be empty until you train or evaluate the model.]
[2024-03-06 15:54:23,880: WARNING: optimizer: At this time, the v2.11+ optimizer `tf.keras.optimizers.SGD` runs slowly on M1/M2 Macs, please use the legacy Keras optimizer instead, located at `tf.keras.optimizers.legacy.SGD`.]
[2024-03-06 15:54:23,882: WARNING: __init__: There is a known slowdown when using v2.11+ Keras optimizers on M1/M2 Macs. Falling back to the legacy Keras optimizer, i.e., `tf.keras.optimizers.legacy.SGD`.]
[2024-03-06 15:54:23,933: INFO: main: >>>>>> stage Prepare base model conpleted <<<<<<

x==========================x]
[2024-03-06 15:54:23,933: INFO: main: ********************************]
[2024-03-06 15:54:23,933: INFO: main: >>>>>> stage Model Training started <<<<<<]
[2024-03-06 15:54:23,935: INFO: common: yaml file: config/config.yaml loaded successfully]
[2024-03-06 15:54:23,936: INFO: common: yaml file: params.yaml loaded successfully]
[2024-03-06 15:54:23,936: INFO: common: created directory at: artifacts]
[2024-03-06 15:54:23,936: INFO: common: created directory at: artifacts/training]
[2024-03-06 15:55:47,625: INFO: main: >>>>>> stage Model Training completed <<<<<<

x=============x]
[2024-03-06 15:55:47,626: INFO: main: *******************]
[2024-03-06 15:55:47,626: INFO: main: >>>>>> stage Evaluation Stage started <<<<<<]
[2024-03-06 15:55:47,629: INFO: common: yaml file: config/config.yaml loaded successfully]
[2024-03-06 15:55:47,631: INFO: common: yaml file: params.yaml loaded successfully]
[2024-03-06 15:55:47,631: INFO: common: created directory at: artifacts]
[2024-03-06 15:56:14,070: INFO: common: json file saved at: scores.json]
[2024-03-06 15:56:14,071: INFO: common: json file saved at: scores.json]
[2024-03-06 15:56:15,429: INFO: builder_impl: Assets written to: /var/folders/22/fvpj_zfs185c11sz0qq87f5r0000gn/T/tmp1xygfjq8/model/data/model/assets]
[2024-03-06 15:56:20,610: INFO: main: >>>>>> stage Evaluation Stage completed <<<<<<

x========================x]
[2024-03-06 16:02:39,763: INFO: main:  >>>>>> stage Data Ingestion stage started <<<<<<]
[2024-03-06 16:02:39,764: INFO: common: yaml file: config/config.yaml loaded successfully]
[2024-03-06 16:02:39,766: INFO: common: yaml file: params.yaml loaded successfully]
[2024-03-06 16:02:39,766: INFO: common: created directory at: artifacts]
[2024-03-06 16:02:39,766: INFO: common: created directory at: artifacts/data_ingestion]
[2024-03-06 16:02:39,766: INFO: data_ingestion: Downloading data from https://drive.google.com/file/d/1vlhZ5c7abUKF8xXERIw6m9Te8fW7ohw3/view?usp=sharing into file artifacts/data_ingestion/data.zip]
[2024-03-06 16:02:44,720: INFO: data_ingestion: Downloaded data from https://drive.google.com/file/d/1vlhZ5c7abUKF8xXERIw6m9Te8fW7ohw3/view?usp=sharing into file artifacts/data_ingestion/data.zip ]
[2024-03-06 16:02:45,192: INFO: main: >>>>>> stage Data Ingestion stage completed <<<<<<

x=============x]
[2024-03-06 16:02:45,192: INFO: main: *****************]
[2024-03-06 16:02:45,192: INFO: main: >>>>>> stage Prepare base model  started <<<<<<]
[2024-03-06 16:02:45,194: INFO: common: yaml file: config/config.yaml loaded successfully]
[2024-03-06 16:02:45,195: INFO: common: yaml file: params.yaml loaded successfully]
[2024-03-06 16:02:45,195: INFO: common: created directory at: artifacts]
[2024-03-06 16:02:45,195: INFO: common: created directory at: artifacts/prepare_base_model]
[2024-03-06 16:02:45,566: WARNING: saving_utils: Compiled the loaded model, but the compiled metrics have yet to be built. `model.compile_metrics` will be empty until you train or evaluate the model.]
[2024-03-06 16:02:45,628: WARNING: optimizer: At this time, the v2.11+ optimizer `tf.keras.optimizers.SGD` runs slowly on M1/M2 Macs, please use the legacy Keras optimizer instead, located at `tf.keras.optimizers.legacy.SGD`.]
[2024-03-06 16:02:45,630: WARNING: __init__: There is a known slowdown when using v2.11+ Keras optimizers on M1/M2 Macs. Falling back to the legacy Keras optimizer, i.e., `tf.keras.optimizers.legacy.SGD`.]
[2024-03-06 16:02:45,678: INFO: main: >>>>>> stage Prepare base model conpleted <<<<<<

x==========================x]
[2024-03-06 16:02:45,678: INFO: main: ********************************]
[2024-03-06 16:02:45,678: INFO: main: >>>>>> stage Model Training started <<<<<<]
[2024-03-06 16:02:45,679: INFO: common: yaml file: config/config.yaml loaded successfully]
[2024-03-06 16:02:45,680: INFO: common: yaml file: params.yaml loaded successfully]
[2024-03-06 16:02:45,680: INFO: common: created directory at: artifacts]
[2024-03-06 16:02:45,681: INFO: common: created directory at: artifacts/training]
[2024-03-06 16:04:12,207: INFO: main: >>>>>> stage Model Training completed <<<<<<

x=============x]
[2024-03-06 16:04:12,209: INFO: main: *******************]
[2024-03-06 16:04:12,209: INFO: main: >>>>>> stage Evaluation Stage started <<<<<<]
[2024-03-06 16:04:12,212: INFO: common: yaml file: config/config.yaml loaded successfully]
[2024-03-06 16:04:12,213: INFO: common: yaml file: params.yaml loaded successfully]
[2024-03-06 16:04:12,213: INFO: common: created directory at: artifacts]
[2024-03-06 16:04:38,631: INFO: common: json file saved at: scores.json]
[2024-03-06 16:04:38,632: INFO: common: json file saved at: scores.json]
[2024-03-06 16:04:40,037: INFO: builder_impl: Assets written to: /var/folders/22/fvpj_zfs185c11sz0qq87f5r0000gn/T/tmp66x5sy6_/model/data/model/assets]
[2024-03-06 16:04:45,283: INFO: main: >>>>>> stage Evaluation Stage completed <<<<<<

x========================x]
[2024-03-06 16:13:44,526: INFO: main:  >>>>>> stage Data Ingestion stage started <<<<<<]
[2024-03-06 16:13:44,528: INFO: common: yaml file: config/config.yaml loaded successfully]
[2024-03-06 16:13:44,529: INFO: common: yaml file: params.yaml loaded successfully]
[2024-03-06 16:13:44,529: INFO: common: created directory at: artifacts]
[2024-03-06 16:13:44,529: INFO: common: created directory at: artifacts/data_ingestion]
[2024-03-06 16:13:44,529: INFO: data_ingestion: Downloading data from https://drive.google.com/file/d/1vlhZ5c7abUKF8xXERIw6m9Te8fW7ohw3/view?usp=sharing into file artifacts/data_ingestion/data.zip]
[2024-03-06 16:13:49,090: INFO: data_ingestion: Downloaded data from https://drive.google.com/file/d/1vlhZ5c7abUKF8xXERIw6m9Te8fW7ohw3/view?usp=sharing into file artifacts/data_ingestion/data.zip ]
[2024-03-06 16:13:49,569: INFO: main: >>>>>> stage Data Ingestion stage completed <<<<<<

x=============x]
[2024-03-06 16:13:49,569: INFO: main: *****************]
[2024-03-06 16:13:49,569: INFO: main: >>>>>> stage Prepare base model  started <<<<<<]
[2024-03-06 16:13:49,571: INFO: common: yaml file: config/config.yaml loaded successfully]
[2024-03-06 16:13:49,572: INFO: common: yaml file: params.yaml loaded successfully]
[2024-03-06 16:13:49,572: INFO: common: created directory at: artifacts]
[2024-03-06 16:13:49,572: INFO: common: created directory at: artifacts/prepare_base_model]
[2024-03-06 16:13:49,946: WARNING: saving_utils: Compiled the loaded model, but the compiled metrics have yet to be built. `model.compile_metrics` will be empty until you train or evaluate the model.]
[2024-03-06 16:13:50,013: WARNING: optimizer: At this time, the v2.11+ optimizer `tf.keras.optimizers.SGD` runs slowly on M1/M2 Macs, please use the legacy Keras optimizer instead, located at `tf.keras.optimizers.legacy.SGD`.]
[2024-03-06 16:13:50,014: WARNING: __init__: There is a known slowdown when using v2.11+ Keras optimizers on M1/M2 Macs. Falling back to the legacy Keras optimizer, i.e., `tf.keras.optimizers.legacy.SGD`.]
[2024-03-06 16:13:50,063: INFO: main: >>>>>> stage Prepare base model conpleted <<<<<<

x==========================x]
[2024-03-06 16:13:50,063: INFO: main: ********************************]
[2024-03-06 16:13:50,063: INFO: main: >>>>>> stage Model Training started <<<<<<]
[2024-03-06 16:13:50,065: INFO: common: yaml file: config/config.yaml loaded successfully]
[2024-03-06 16:13:50,066: INFO: common: yaml file: params.yaml loaded successfully]
[2024-03-06 16:13:50,066: INFO: common: created directory at: artifacts]
[2024-03-06 16:13:50,066: INFO: common: created directory at: artifacts/training]
[2024-03-06 16:15:16,351: INFO: main: >>>>>> stage Model Training completed <<<<<<

x=============x]
[2024-03-06 16:15:16,354: INFO: main: *******************]
[2024-03-06 16:15:16,354: INFO: main: >>>>>> stage Evaluation Stage started <<<<<<]
[2024-03-06 16:15:16,357: INFO: common: yaml file: config/config.yaml loaded successfully]
[2024-03-06 16:15:16,358: INFO: common: yaml file: params.yaml loaded successfully]
[2024-03-06 16:15:16,358: INFO: common: created directory at: artifacts]
[2024-03-06 16:15:43,649: INFO: common: json file saved at: scores.json]
[2024-03-06 16:15:43,650: INFO: common: json file saved at: scores.json]
[2024-03-06 16:15:45,002: INFO: builder_impl: Assets written to: /var/folders/22/fvpj_zfs185c11sz0qq87f5r0000gn/T/tmp8qcjoca7/model/data/model/assets]
[2024-03-06 16:15:50,127: INFO: main: >>>>>> stage Evaluation Stage completed <<<<<<

x========================x]
[2024-03-06 16:21:47,967: INFO: main:  >>>>>> stage Data Ingestion stage started <<<<<<]
[2024-03-06 16:21:47,969: INFO: common: yaml file: config/config.yaml loaded successfully]
[2024-03-06 16:21:47,970: INFO: common: yaml file: params.yaml loaded successfully]
[2024-03-06 16:21:47,970: INFO: common: created directory at: artifacts]
[2024-03-06 16:21:47,970: INFO: common: created directory at: artifacts/data_ingestion]
[2024-03-06 16:21:47,970: INFO: data_ingestion: Downloading data from https://drive.google.com/file/d/1vlhZ5c7abUKF8xXERIw6m9Te8fW7ohw3/view?usp=sharing into file artifacts/data_ingestion/data.zip]
[2024-03-06 16:21:52,226: INFO: data_ingestion: Downloaded data from https://drive.google.com/file/d/1vlhZ5c7abUKF8xXERIw6m9Te8fW7ohw3/view?usp=sharing into file artifacts/data_ingestion/data.zip ]
[2024-03-06 16:21:52,692: INFO: main: >>>>>> stage Data Ingestion stage completed <<<<<<

x=============x]
[2024-03-06 16:21:52,692: INFO: main: *****************]
[2024-03-06 16:21:52,692: INFO: main: >>>>>> stage Prepare base model  started <<<<<<]
[2024-03-06 16:21:52,694: INFO: common: yaml file: config/config.yaml loaded successfully]
[2024-03-06 16:21:52,695: INFO: common: yaml file: params.yaml loaded successfully]
[2024-03-06 16:21:52,695: INFO: common: created directory at: artifacts]
[2024-03-06 16:21:52,695: INFO: common: created directory at: artifacts/prepare_base_model]
[2024-03-06 16:21:53,071: WARNING: saving_utils: Compiled the loaded model, but the compiled metrics have yet to be built. `model.compile_metrics` will be empty until you train or evaluate the model.]
[2024-03-06 16:21:53,138: WARNING: optimizer: At this time, the v2.11+ optimizer `tf.keras.optimizers.SGD` runs slowly on M1/M2 Macs, please use the legacy Keras optimizer instead, located at `tf.keras.optimizers.legacy.SGD`.]
[2024-03-06 16:21:53,140: WARNING: __init__: There is a known slowdown when using v2.11+ Keras optimizers on M1/M2 Macs. Falling back to the legacy Keras optimizer, i.e., `tf.keras.optimizers.legacy.SGD`.]
[2024-03-06 16:21:53,191: INFO: main: >>>>>> stage Prepare base model conpleted <<<<<<

x==========================x]
[2024-03-06 16:21:53,192: INFO: main: ********************************]
[2024-03-06 16:21:53,192: INFO: main: >>>>>> stage Model Training started <<<<<<]
[2024-03-06 16:21:53,193: INFO: common: yaml file: config/config.yaml loaded successfully]
[2024-03-06 16:21:53,194: INFO: common: yaml file: params.yaml loaded successfully]
[2024-03-06 16:21:53,194: INFO: common: created directory at: artifacts]
[2024-03-06 16:21:53,194: INFO: common: created directory at: artifacts/training]
[2024-03-06 16:23:16,075: INFO: main: >>>>>> stage Model Training completed <<<<<<

x=============x]
[2024-03-06 16:23:16,077: INFO: main: *******************]
[2024-03-06 16:23:16,077: INFO: main: >>>>>> stage Evaluation Stage started <<<<<<]
[2024-03-06 16:23:16,080: INFO: common: yaml file: config/config.yaml loaded successfully]
[2024-03-06 16:23:16,081: INFO: common: yaml file: params.yaml loaded successfully]
[2024-03-06 16:23:16,081: INFO: common: created directory at: artifacts]
[2024-03-06 16:23:42,283: INFO: common: json file saved at: scores.json]
[2024-03-06 16:23:42,284: INFO: common: json file saved at: scores.json]
[2024-03-06 16:23:43,668: INFO: builder_impl: Assets written to: /var/folders/22/fvpj_zfs185c11sz0qq87f5r0000gn/T/tmp736r_9mj/model/data/model/assets]
[2024-03-06 16:23:49,160: INFO: main: >>>>>> stage Evaluation Stage completed <<<<<<

x========================x]
[2024-03-06 16:24:44,171: INFO: main:  >>>>>> stage Data Ingestion stage started <<<<<<]
[2024-03-06 16:24:44,173: INFO: common: yaml file: config/config.yaml loaded successfully]
[2024-03-06 16:24:44,174: INFO: common: yaml file: params.yaml loaded successfully]
[2024-03-06 16:24:44,174: INFO: common: created directory at: artifacts]
[2024-03-06 16:24:44,174: INFO: common: created directory at: artifacts/data_ingestion]
[2024-03-06 16:24:44,174: INFO: data_ingestion: Downloading data from https://drive.google.com/file/d/1vlhZ5c7abUKF8xXERIw6m9Te8fW7ohw3/view?usp=sharing into file artifacts/data_ingestion/data.zip]
[2024-03-06 16:24:48,877: INFO: data_ingestion: Downloaded data from https://drive.google.com/file/d/1vlhZ5c7abUKF8xXERIw6m9Te8fW7ohw3/view?usp=sharing into file artifacts/data_ingestion/data.zip ]
[2024-03-06 16:24:49,381: INFO: main: >>>>>> stage Data Ingestion stage completed <<<<<<

x=============x]
[2024-03-06 16:24:49,381: INFO: main: *****************]
[2024-03-06 16:24:49,381: INFO: main: >>>>>> stage Prepare base model  started <<<<<<]
[2024-03-06 16:24:49,383: INFO: common: yaml file: config/config.yaml loaded successfully]
[2024-03-06 16:24:49,384: INFO: common: yaml file: params.yaml loaded successfully]
[2024-03-06 16:24:49,384: INFO: common: created directory at: artifacts]
[2024-03-06 16:24:49,384: INFO: common: created directory at: artifacts/prepare_base_model]
[2024-03-06 16:24:49,825: WARNING: saving_utils: Compiled the loaded model, but the compiled metrics have yet to be built. `model.compile_metrics` will be empty until you train or evaluate the model.]
[2024-03-06 16:24:49,888: WARNING: optimizer: At this time, the v2.11+ optimizer `tf.keras.optimizers.SGD` runs slowly on M1/M2 Macs, please use the legacy Keras optimizer instead, located at `tf.keras.optimizers.legacy.SGD`.]
[2024-03-06 16:24:49,890: WARNING: __init__: There is a known slowdown when using v2.11+ Keras optimizers on M1/M2 Macs. Falling back to the legacy Keras optimizer, i.e., `tf.keras.optimizers.legacy.SGD`.]
[2024-03-06 16:24:49,938: INFO: main: >>>>>> stage Prepare base model conpleted <<<<<<

x==========================x]
[2024-03-06 16:24:49,938: INFO: main: ********************************]
[2024-03-06 16:24:49,938: INFO: main: >>>>>> stage Model Training started <<<<<<]
[2024-03-06 16:24:49,941: INFO: common: yaml file: config/config.yaml loaded successfully]
[2024-03-06 16:24:49,943: INFO: common: yaml file: params.yaml loaded successfully]
[2024-03-06 16:24:49,943: INFO: common: created directory at: artifacts]
[2024-03-06 16:24:49,943: INFO: common: created directory at: artifacts/training]
[2024-03-06 16:26:24,487: INFO: main: >>>>>> stage Model Training completed <<<<<<

x=============x]
[2024-03-06 16:26:24,488: INFO: main: *******************]
[2024-03-06 16:26:24,488: INFO: main: >>>>>> stage Evaluation Stage started <<<<<<]
[2024-03-06 16:26:24,491: INFO: common: yaml file: config/config.yaml loaded successfully]
[2024-03-06 16:26:24,492: INFO: common: yaml file: params.yaml loaded successfully]
[2024-03-06 16:26:24,492: INFO: common: created directory at: artifacts]
[2024-03-06 16:26:52,905: INFO: common: json file saved at: scores.json]
[2024-03-06 16:26:52,906: INFO: common: json file saved at: scores.json]
[2024-03-06 16:26:54,245: INFO: builder_impl: Assets written to: /var/folders/22/fvpj_zfs185c11sz0qq87f5r0000gn/T/tmpbqp7qein/model/data/model/assets]
[2024-03-06 16:26:59,528: INFO: main: >>>>>> stage Evaluation Stage completed <<<<<<

x========================x]
[2024-03-06 16:28:29,236: INFO: common: yaml file: config/config.yaml loaded successfully]
[2024-03-06 16:28:29,239: INFO: common: yaml file: params.yaml loaded successfully]
[2024-03-06 16:28:29,240: INFO: common: created directory at: artifacts]
[2024-03-06 16:28:58,920: INFO: common: json file saved at: scores.json]
[2024-03-06 16:33:53,129: INFO: main:  >>>>>> stage Data Ingestion stage started <<<<<<]
[2024-03-06 16:33:53,131: INFO: common: yaml file: config/config.yaml loaded successfully]
[2024-03-06 16:33:53,132: INFO: common: yaml file: params.yaml loaded successfully]
[2024-03-06 16:33:53,132: INFO: common: created directory at: artifacts]
[2024-03-06 16:33:53,132: INFO: common: created directory at: artifacts/data_ingestion]
[2024-03-06 16:33:53,132: INFO: data_ingestion: Downloading data from https://drive.google.com/file/d/1vlhZ5c7abUKF8xXERIw6m9Te8fW7ohw3/view?usp=sharing into file artifacts/data_ingestion/data.zip]
[2024-03-06 16:33:57,446: INFO: data_ingestion: Downloaded data from https://drive.google.com/file/d/1vlhZ5c7abUKF8xXERIw6m9Te8fW7ohw3/view?usp=sharing into file artifacts/data_ingestion/data.zip ]
[2024-03-06 16:33:57,929: INFO: main: >>>>>> stage Data Ingestion stage completed <<<<<<

x=============x]
[2024-03-06 16:33:57,929: INFO: main: *****************]
[2024-03-06 16:33:57,929: INFO: main: >>>>>> stage Prepare base model  started <<<<<<]
[2024-03-06 16:33:57,931: INFO: common: yaml file: config/config.yaml loaded successfully]
[2024-03-06 16:33:57,932: INFO: common: yaml file: params.yaml loaded successfully]
[2024-03-06 16:33:57,932: INFO: common: created directory at: artifacts]
[2024-03-06 16:33:57,932: INFO: common: created directory at: artifacts/prepare_base_model]
[2024-03-06 16:33:58,373: WARNING: saving_utils: Compiled the loaded model, but the compiled metrics have yet to be built. `model.compile_metrics` will be empty until you train or evaluate the model.]
[2024-03-06 16:33:58,454: WARNING: optimizer: At this time, the v2.11+ optimizer `tf.keras.optimizers.SGD` runs slowly on M1/M2 Macs, please use the legacy Keras optimizer instead, located at `tf.keras.optimizers.legacy.SGD`.]
[2024-03-06 16:33:58,456: WARNING: __init__: There is a known slowdown when using v2.11+ Keras optimizers on M1/M2 Macs. Falling back to the legacy Keras optimizer, i.e., `tf.keras.optimizers.legacy.SGD`.]
[2024-03-06 16:33:58,513: INFO: main: >>>>>> stage Prepare base model conpleted <<<<<<

x==========================x]
[2024-03-06 16:33:58,513: INFO: main: ********************************]
[2024-03-06 16:33:58,513: INFO: main: >>>>>> stage Model Training started <<<<<<]
[2024-03-06 16:33:58,514: INFO: common: yaml file: config/config.yaml loaded successfully]
[2024-03-06 16:33:58,515: INFO: common: yaml file: params.yaml loaded successfully]
[2024-03-06 16:33:58,516: INFO: common: created directory at: artifacts]
[2024-03-06 16:33:58,516: INFO: common: created directory at: artifacts/training]
[2024-03-06 16:35:24,609: INFO: main: >>>>>> stage Model Training completed <<<<<<

x=============x]
[2024-03-06 16:35:24,612: INFO: main: *******************]
[2024-03-06 16:35:24,612: INFO: main: >>>>>> stage Evaluation Stage started <<<<<<]
[2024-03-06 16:35:24,614: INFO: common: yaml file: config/config.yaml loaded successfully]
[2024-03-06 16:35:24,615: INFO: common: yaml file: params.yaml loaded successfully]
[2024-03-06 16:35:24,616: INFO: common: created directory at: artifacts]
[2024-03-06 16:35:52,078: INFO: common: json file saved at: scores.json]
[2024-03-06 16:35:52,079: INFO: common: json file saved at: scores.json]
[2024-03-06 16:35:53,996: INFO: builder_impl: Assets written to: /var/folders/22/fvpj_zfs185c11sz0qq87f5r0000gn/T/tmptfbb63sa/model/data/model/assets]
[2024-03-06 16:36:00,069: INFO: main: >>>>>> stage Evaluation Stage completed <<<<<<

x========================x]
[2024-03-06 16:39:12,142: INFO: main:  >>>>>> stage Data Ingestion stage started <<<<<<]
[2024-03-06 16:39:12,144: INFO: common: yaml file: config/config.yaml loaded successfully]
[2024-03-06 16:39:12,145: INFO: common: yaml file: params.yaml loaded successfully]
[2024-03-06 16:39:12,146: INFO: common: created directory at: artifacts]
[2024-03-06 16:39:12,146: INFO: common: created directory at: artifacts/data_ingestion]
[2024-03-06 16:39:12,146: INFO: data_ingestion: Downloading data from https://drive.google.com/file/d/1vlhZ5c7abUKF8xXERIw6m9Te8fW7ohw3/view?usp=sharing into file artifacts/data_ingestion/data.zip]
[2024-03-06 16:39:17,384: INFO: data_ingestion: Downloaded data from https://drive.google.com/file/d/1vlhZ5c7abUKF8xXERIw6m9Te8fW7ohw3/view?usp=sharing into file artifacts/data_ingestion/data.zip ]
[2024-03-06 16:39:17,870: INFO: main: >>>>>> stage Data Ingestion stage completed <<<<<<

x=============x]
[2024-03-06 16:39:17,870: INFO: main: *****************]
[2024-03-06 16:39:17,870: INFO: main: >>>>>> stage Prepare base model  started <<<<<<]
[2024-03-06 16:39:17,872: INFO: common: yaml file: config/config.yaml loaded successfully]
[2024-03-06 16:39:17,873: INFO: common: yaml file: params.yaml loaded successfully]
[2024-03-06 16:39:17,873: INFO: common: created directory at: artifacts]
[2024-03-06 16:39:17,873: INFO: common: created directory at: artifacts/prepare_base_model]
[2024-03-06 16:39:18,240: WARNING: saving_utils: Compiled the loaded model, but the compiled metrics have yet to be built. `model.compile_metrics` will be empty until you train or evaluate the model.]
[2024-03-06 16:39:18,306: WARNING: optimizer: At this time, the v2.11+ optimizer `tf.keras.optimizers.SGD` runs slowly on M1/M2 Macs, please use the legacy Keras optimizer instead, located at `tf.keras.optimizers.legacy.SGD`.]
[2024-03-06 16:39:18,308: WARNING: __init__: There is a known slowdown when using v2.11+ Keras optimizers on M1/M2 Macs. Falling back to the legacy Keras optimizer, i.e., `tf.keras.optimizers.legacy.SGD`.]
[2024-03-06 16:39:18,360: INFO: main: >>>>>> stage Prepare base model conpleted <<<<<<

x==========================x]
[2024-03-06 16:39:18,360: INFO: main: ********************************]
[2024-03-06 16:39:18,360: INFO: main: >>>>>> stage Model Training started <<<<<<]
[2024-03-06 16:39:18,362: INFO: common: yaml file: config/config.yaml loaded successfully]
[2024-03-06 16:39:18,363: INFO: common: yaml file: params.yaml loaded successfully]
[2024-03-06 16:39:18,363: INFO: common: created directory at: artifacts]
[2024-03-06 16:39:18,363: INFO: common: created directory at: artifacts/training]
[2024-03-06 16:40:44,073: INFO: main: >>>>>> stage Model Training completed <<<<<<

x=============x]
[2024-03-06 16:40:44,075: INFO: main: *******************]
[2024-03-06 16:40:44,075: INFO: main: >>>>>> stage Evaluation Stage started <<<<<<]
[2024-03-06 16:40:44,078: INFO: common: yaml file: config/config.yaml loaded successfully]
[2024-03-06 16:40:44,079: INFO: common: yaml file: params.yaml loaded successfully]
[2024-03-06 16:40:44,079: INFO: common: created directory at: artifacts]
[2024-03-06 16:41:10,579: INFO: common: json file saved at: scores.json]
[2024-03-06 16:41:10,580: INFO: common: json file saved at: scores.json]
[2024-03-06 16:41:12,707: INFO: builder_impl: Assets written to: /var/folders/22/fvpj_zfs185c11sz0qq87f5r0000gn/T/tmp7nja9v8w/model/data/model/assets]
[2024-03-06 16:41:17,930: INFO: main: >>>>>> stage Evaluation Stage completed <<<<<<

x========================x]
[2024-03-06 16:42:59,094: INFO: common: yaml file: config/config.yaml loaded successfully]
[2024-03-06 16:42:59,098: INFO: common: yaml file: params.yaml loaded successfully]
[2024-03-06 16:42:59,100: INFO: common: created directory at: artifacts]
[2024-03-06 16:43:27,303: INFO: common: json file saved at: scores.json]
[2024-03-06 16:59:00,583: INFO: common: yaml file: config/config.yaml loaded successfully]
[2024-03-06 16:59:00,587: INFO: common: yaml file: params.yaml loaded successfully]
[2024-03-06 16:59:00,589: INFO: common: created directory at: artifacts]
[2024-03-06 16:59:29,659: INFO: common: json file saved at: scores.json]
[2024-03-06 16:59:32,128: INFO: builder_impl: Assets written to: /var/folders/22/fvpj_zfs185c11sz0qq87f5r0000gn/T/tmpx2j6ya68/model/data/model/assets]
[2024-03-06 17:00:29,542: INFO: main:  >>>>>> stage Data Ingestion stage started <<<<<<]
[2024-03-06 17:00:29,544: INFO: common: yaml file: config/config.yaml loaded successfully]
[2024-03-06 17:00:29,545: INFO: common: yaml file: params.yaml loaded successfully]
[2024-03-06 17:00:29,545: INFO: common: created directory at: artifacts]
[2024-03-06 17:00:29,545: INFO: common: created directory at: artifacts/data_ingestion]
[2024-03-06 17:00:29,545: INFO: data_ingestion: Downloading data from https://drive.google.com/file/d/1vlhZ5c7abUKF8xXERIw6m9Te8fW7ohw3/view?usp=sharing into file artifacts/data_ingestion/data.zip]
[2024-03-06 17:00:34,349: INFO: data_ingestion: Downloaded data from https://drive.google.com/file/d/1vlhZ5c7abUKF8xXERIw6m9Te8fW7ohw3/view?usp=sharing into file artifacts/data_ingestion/data.zip ]
[2024-03-06 17:00:34,829: INFO: main: >>>>>> stage Data Ingestion stage completed <<<<<<

x=============x]
[2024-03-06 17:00:34,829: INFO: main: *****************]
[2024-03-06 17:00:34,829: INFO: main: >>>>>> stage Prepare base model  started <<<<<<]
[2024-03-06 17:00:34,831: INFO: common: yaml file: config/config.yaml loaded successfully]
[2024-03-06 17:00:34,832: INFO: common: yaml file: params.yaml loaded successfully]
[2024-03-06 17:00:34,832: INFO: common: created directory at: artifacts]
[2024-03-06 17:00:34,832: INFO: common: created directory at: artifacts/prepare_base_model]
[2024-03-06 17:00:35,209: WARNING: saving_utils: Compiled the loaded model, but the compiled metrics have yet to be built. `model.compile_metrics` will be empty until you train or evaluate the model.]
[2024-03-06 17:00:35,281: WARNING: optimizer: At this time, the v2.11+ optimizer `tf.keras.optimizers.SGD` runs slowly on M1/M2 Macs, please use the legacy Keras optimizer instead, located at `tf.keras.optimizers.legacy.SGD`.]
[2024-03-06 17:00:35,283: WARNING: __init__: There is a known slowdown when using v2.11+ Keras optimizers on M1/M2 Macs. Falling back to the legacy Keras optimizer, i.e., `tf.keras.optimizers.legacy.SGD`.]
[2024-03-06 17:00:35,333: INFO: main: >>>>>> stage Prepare base model conpleted <<<<<<

x==========================x]
[2024-03-06 17:00:35,333: INFO: main: ********************************]
[2024-03-06 17:00:35,333: INFO: main: >>>>>> stage Model Training started <<<<<<]
[2024-03-06 17:00:35,335: INFO: common: yaml file: config/config.yaml loaded successfully]
[2024-03-06 17:00:35,336: INFO: common: yaml file: params.yaml loaded successfully]
[2024-03-06 17:00:35,336: INFO: common: created directory at: artifacts]
[2024-03-06 17:00:35,336: INFO: common: created directory at: artifacts/training]
[2024-03-06 17:01:39,029: INFO: main: >>>>>> stage Model Training completed <<<<<<

x=============x]
[2024-03-06 17:01:39,032: INFO: main: *******************]
[2024-03-06 17:01:39,032: INFO: main: >>>>>> stage Evaluation Stage started <<<<<<]
[2024-03-06 17:01:39,034: INFO: common: yaml file: config/config.yaml loaded successfully]
[2024-03-06 17:01:39,035: INFO: common: yaml file: params.yaml loaded successfully]
[2024-03-06 17:01:39,035: INFO: common: created directory at: artifacts]
[2024-03-06 17:01:52,925: INFO: common: json file saved at: scores.json]
[2024-03-06 17:01:52,925: INFO: common: json file saved at: scores.json]
[2024-03-06 17:01:53,824: INFO: builder_impl: Assets written to: /var/folders/22/fvpj_zfs185c11sz0qq87f5r0000gn/T/tmp0bsy8db_/model/data/model/assets]
[2024-03-06 17:01:57,415: INFO: main: >>>>>> stage Evaluation Stage completed <<<<<<

x========================x]
[2024-03-06 17:03:25,076: INFO: main:  >>>>>> stage Data Ingestion stage started <<<<<<]
[2024-03-06 17:03:25,078: INFO: common: yaml file: config/config.yaml loaded successfully]
[2024-03-06 17:03:25,078: INFO: common: yaml file: params.yaml loaded successfully]
[2024-03-06 17:03:25,079: INFO: common: created directory at: artifacts]
[2024-03-06 17:03:25,079: INFO: common: created directory at: artifacts/data_ingestion]
[2024-03-06 17:03:25,079: INFO: data_ingestion: Downloading data from https://drive.google.com/file/d/1vlhZ5c7abUKF8xXERIw6m9Te8fW7ohw3/view?usp=sharing into file artifacts/data_ingestion/data.zip]
[2024-03-06 17:03:29,295: INFO: data_ingestion: Downloaded data from https://drive.google.com/file/d/1vlhZ5c7abUKF8xXERIw6m9Te8fW7ohw3/view?usp=sharing into file artifacts/data_ingestion/data.zip ]
[2024-03-06 17:03:29,616: INFO: main: >>>>>> stage Data Ingestion stage completed <<<<<<

x=============x]
[2024-03-06 17:03:29,617: INFO: main: *****************]
[2024-03-06 17:03:29,617: INFO: main: >>>>>> stage Prepare base model  started <<<<<<]
[2024-03-06 17:03:29,618: INFO: common: yaml file: config/config.yaml loaded successfully]
[2024-03-06 17:03:29,618: INFO: common: yaml file: params.yaml loaded successfully]
[2024-03-06 17:03:29,618: INFO: common: created directory at: artifacts]
[2024-03-06 17:03:29,618: INFO: common: created directory at: artifacts/prepare_base_model]
[2024-03-06 17:03:29,859: WARNING: saving_utils: Compiled the loaded model, but the compiled metrics have yet to be built. `model.compile_metrics` will be empty until you train or evaluate the model.]
[2024-03-06 17:03:29,901: WARNING: optimizer: At this time, the v2.11+ optimizer `tf.keras.optimizers.SGD` runs slowly on M1/M2 Macs, please use the legacy Keras optimizer instead, located at `tf.keras.optimizers.legacy.SGD`.]
[2024-03-06 17:03:29,902: WARNING: __init__: There is a known slowdown when using v2.11+ Keras optimizers on M1/M2 Macs. Falling back to the legacy Keras optimizer, i.e., `tf.keras.optimizers.legacy.SGD`.]
[2024-03-06 17:03:29,941: INFO: main: >>>>>> stage Prepare base model conpleted <<<<<<

x==========================x]
[2024-03-06 17:03:29,942: INFO: main: ********************************]
[2024-03-06 17:03:29,942: INFO: main: >>>>>> stage Model Training started <<<<<<]
[2024-03-06 17:03:29,943: INFO: common: yaml file: config/config.yaml loaded successfully]
[2024-03-06 17:03:29,943: INFO: common: yaml file: params.yaml loaded successfully]
[2024-03-06 17:03:29,943: INFO: common: created directory at: artifacts]
[2024-03-06 17:03:29,943: INFO: common: created directory at: artifacts/training]
[2024-03-06 17:04:12,786: INFO: main: >>>>>> stage Model Training completed <<<<<<

x=============x]
[2024-03-06 17:04:12,787: INFO: main: *******************]
[2024-03-06 17:04:12,787: INFO: main: >>>>>> stage Evaluation Stage started <<<<<<]
[2024-03-06 17:04:12,789: INFO: common: yaml file: config/config.yaml loaded successfully]
[2024-03-06 17:04:12,790: INFO: common: yaml file: params.yaml loaded successfully]
[2024-03-06 17:04:12,790: INFO: common: created directory at: artifacts]
[2024-03-06 17:04:27,603: INFO: common: json file saved at: scores.json]
[2024-03-06 17:04:27,604: INFO: common: json file saved at: scores.json]
[2024-03-06 17:04:29,052: INFO: builder_impl: Assets written to: /var/folders/22/fvpj_zfs185c11sz0qq87f5r0000gn/T/tmp35_gxxtv/model/data/model/assets]
[2024-03-06 17:04:32,443: INFO: main: >>>>>> stage Evaluation Stage completed <<<<<<

x========================x]
[2024-03-06 21:40:59,982: INFO: main:  >>>>>> stage Data Ingestion stage started <<<<<<]
[2024-03-06 21:40:59,985: INFO: common: yaml file: config/config.yaml loaded successfully]
[2024-03-06 21:40:59,987: INFO: common: yaml file: params.yaml loaded successfully]
[2024-03-06 21:40:59,987: INFO: common: created directory at: artifacts]
[2024-03-06 21:40:59,987: INFO: common: created directory at: artifacts/data_ingestion]
[2024-03-06 21:40:59,987: INFO: data_ingestion: Downloading data from https://drive.google.com/file/d/1vlhZ5c7abUKF8xXERIw6m9Te8fW7ohw3/view?usp=sharing into file artifacts/data_ingestion/data.zip]
[2024-03-06 21:41:02,520: ERROR: main: Failed to retrieve file url:

	Cannot retrieve the public link of the file. You may need to change
	the permission to 'Anyone with the link', or have had many accesses.
	Check FAQ in https://github.com/wkentaro/gdown?tab=readme-ov-file#faq.

You may still be able to access the file from the browser:

	https://drive.google.com/uc?/export=download&id=1vlhZ5c7abUKF8xXERIw6m9Te8fW7ohw3

but Gdown can't. Please check connections and permissions.]
Traceback (most recent call last):
  File "/opt/anaconda3/envs/kidney/lib/python3.8/site-packages/gdown/download.py", line 253, in download
    url = get_url_from_gdrive_confirmation(res.text)
  File "/opt/anaconda3/envs/kidney/lib/python3.8/site-packages/gdown/download.py", line 54, in get_url_from_gdrive_confirmation
    raise FileURLRetrievalError(
gdown.exceptions.FileURLRetrievalError: Cannot retrieve the public link of the file. You may need to change the permission to 'Anyone with the link', or have had many accesses. Check FAQ in https://github.com/wkentaro/gdown?tab=readme-ov-file#faq.

During handling of the above exception, another exception occurred:

Traceback (most recent call last):
  File "main.py", line 16, in <module>
    obj.main()
  File "/Users/azharali/Desktop/Projects/Kidney-Disease-Classification-DL/src/cnnClassifier/pipeline/stage_01_data_ingestion.py", line 15, in main
    data_ingestion.download_file()
  File "/Users/azharali/Desktop/Projects/Kidney-Disease-Classification-DL/src/cnnClassifier/components/data_ingestion.py", line 28, in download_file
    raise e
  File "/Users/azharali/Desktop/Projects/Kidney-Disease-Classification-DL/src/cnnClassifier/components/data_ingestion.py", line 23, in download_file
    gdown.download(prefix+file_id, zip_download_dir)
  File "/opt/anaconda3/envs/kidney/lib/python3.8/site-packages/gdown/download.py", line 264, in download
    raise FileURLRetrievalError(message)
gdown.exceptions.FileURLRetrievalError: Failed to retrieve file url:

	Cannot retrieve the public link of the file. You may need to change
	the permission to 'Anyone with the link', or have had many accesses.
	Check FAQ in https://github.com/wkentaro/gdown?tab=readme-ov-file#faq.

You may still be able to access the file from the browser:

	https://drive.google.com/uc?/export=download&id=1vlhZ5c7abUKF8xXERIw6m9Te8fW7ohw3

but Gdown can't. Please check connections and permissions.
[2024-03-06 22:07:45,760: INFO: common: yaml file: config/config.yaml loaded successfully]
[2024-03-06 22:07:45,762: INFO: common: yaml file: params.yaml loaded successfully]
[2024-03-06 22:07:45,763: INFO: common: created directory at: artifacts]
[2024-03-06 22:07:45,764: INFO: common: created directory at: artifacts/data_ingestion]
[2024-03-06 22:07:45,764: INFO: 4244723930: Downloading data from https://drive.google.com/file/d/1vlhZ5c7abUKF8xXERIw6m9Te8fW7ohw3/view?usp=sharing into file artifacts/data_ingestion/data.zip]
[2024-03-06 22:07:52,407: INFO: 4244723930: Downloaded data from https://drive.google.com/file/d/1vlhZ5c7abUKF8xXERIw6m9Te8fW7ohw3/view?usp=sharing into file artifacts/data_ingestion/data.zip ]
[2024-03-06 22:08:03,001: INFO: main:  >>>>>> stage Data Ingestion stage started <<<<<<]
[2024-03-06 22:08:03,003: INFO: common: yaml file: config/config.yaml loaded successfully]
[2024-03-06 22:08:03,004: INFO: common: yaml file: params.yaml loaded successfully]
[2024-03-06 22:08:03,004: INFO: common: created directory at: artifacts]
[2024-03-06 22:08:03,004: INFO: common: created directory at: artifacts/data_ingestion]
[2024-03-06 22:08:03,004: INFO: data_ingestion: Downloading data from https://drive.google.com/file/d/1vlhZ5c7abUKF8xXERIw6m9Te8fW7ohw3/view?usp=sharing into file artifacts/data_ingestion/data.zip]
[2024-03-06 22:08:04,826: ERROR: main: Failed to retrieve file url:

	Cannot retrieve the public link of the file. You may need to change
	the permission to 'Anyone with the link', or have had many accesses.
	Check FAQ in https://github.com/wkentaro/gdown?tab=readme-ov-file#faq.

You may still be able to access the file from the browser:

	https://drive.google.com/uc?/export=download&id=1vlhZ5c7abUKF8xXERIw6m9Te8fW7ohw3

but Gdown can't. Please check connections and permissions.]
Traceback (most recent call last):
  File "/opt/anaconda3/envs/kidney/lib/python3.8/site-packages/gdown/download.py", line 253, in download
    url = get_url_from_gdrive_confirmation(res.text)
  File "/opt/anaconda3/envs/kidney/lib/python3.8/site-packages/gdown/download.py", line 54, in get_url_from_gdrive_confirmation
    raise FileURLRetrievalError(
gdown.exceptions.FileURLRetrievalError: Cannot retrieve the public link of the file. You may need to change the permission to 'Anyone with the link', or have had many accesses. Check FAQ in https://github.com/wkentaro/gdown?tab=readme-ov-file#faq.

During handling of the above exception, another exception occurred:

Traceback (most recent call last):
  File "main.py", line 16, in <module>
    obj.main()
  File "/Users/azharali/Desktop/Projects/Kidney-Disease-Classification-DL/src/cnnClassifier/pipeline/stage_01_data_ingestion.py", line 15, in main
    data_ingestion.download_file()
  File "/Users/azharali/Desktop/Projects/Kidney-Disease-Classification-DL/src/cnnClassifier/components/data_ingestion.py", line 28, in download_file
    raise e
  File "/Users/azharali/Desktop/Projects/Kidney-Disease-Classification-DL/src/cnnClassifier/components/data_ingestion.py", line 23, in download_file
    gdown.download(prefix+file_id, zip_download_dir)
  File "/opt/anaconda3/envs/kidney/lib/python3.8/site-packages/gdown/download.py", line 264, in download
    raise FileURLRetrievalError(message)
gdown.exceptions.FileURLRetrievalError: Failed to retrieve file url:

	Cannot retrieve the public link of the file. You may need to change
	the permission to 'Anyone with the link', or have had many accesses.
	Check FAQ in https://github.com/wkentaro/gdown?tab=readme-ov-file#faq.

You may still be able to access the file from the browser:

	https://drive.google.com/uc?/export=download&id=1vlhZ5c7abUKF8xXERIw6m9Te8fW7ohw3

but Gdown can't. Please check connections and permissions.
[2024-03-06 22:11:19,443: INFO: common: yaml file: config/config.yaml loaded successfully]
[2024-03-06 22:11:19,446: INFO: common: yaml file: params.yaml loaded successfully]
[2024-03-06 22:11:19,447: INFO: common: created directory at: artifacts]
[2024-03-06 22:11:19,448: INFO: common: created directory at: artifacts/data_ingestion]
[2024-03-06 22:11:19,449: INFO: 4244723930: Downloading data from https://drive.google.com/file/d/1vlhZ5c7abUKF8xXERIw6m9Te8fW7ohw3/view into file artifacts/data_ingestion/data.zip]
[2024-03-06 22:11:23,939: INFO: 4244723930: Downloaded data from https://drive.google.com/file/d/1vlhZ5c7abUKF8xXERIw6m9Te8fW7ohw3/view into file artifacts/data_ingestion/data.zip ]
[2024-03-06 22:11:34,465: INFO: main:  >>>>>> stage Data Ingestion stage started <<<<<<]
[2024-03-06 22:11:34,467: INFO: common: yaml file: config/config.yaml loaded successfully]
[2024-03-06 22:11:34,468: INFO: common: yaml file: params.yaml loaded successfully]
[2024-03-06 22:11:34,468: INFO: common: created directory at: artifacts]
[2024-03-06 22:11:34,468: INFO: common: created directory at: artifacts/data_ingestion]
[2024-03-06 22:11:34,468: INFO: data_ingestion: Downloading data from https://drive.google.com/file/d/1vlhZ5c7abUKF8xXERIw6m9Te8fW7ohw3/view into file artifacts/data_ingestion/data.zip]
[2024-03-06 22:11:39,625: INFO: data_ingestion: Downloaded data from https://drive.google.com/file/d/1vlhZ5c7abUKF8xXERIw6m9Te8fW7ohw3/view into file artifacts/data_ingestion/data.zip ]
[2024-03-06 22:11:40,087: INFO: main: >>>>>> stage Data Ingestion stage completed <<<<<<

x=============x]
[2024-03-06 22:11:40,087: INFO: main: *****************]
[2024-03-06 22:11:40,087: INFO: main: >>>>>> stage Prepare base model  started <<<<<<]
[2024-03-06 22:11:40,089: INFO: common: yaml file: config/config.yaml loaded successfully]
[2024-03-06 22:11:40,090: INFO: common: yaml file: params.yaml loaded successfully]
[2024-03-06 22:11:40,090: INFO: common: created directory at: artifacts]
[2024-03-06 22:11:40,090: INFO: common: created directory at: artifacts/prepare_base_model]
[2024-03-06 22:11:40,483: WARNING: saving_utils: Compiled the loaded model, but the compiled metrics have yet to be built. `model.compile_metrics` will be empty until you train or evaluate the model.]
[2024-03-06 22:11:40,546: WARNING: optimizer: At this time, the v2.11+ optimizer `tf.keras.optimizers.SGD` runs slowly on M1/M2 Macs, please use the legacy Keras optimizer instead, located at `tf.keras.optimizers.legacy.SGD`.]
[2024-03-06 22:11:40,548: WARNING: __init__: There is a known slowdown when using v2.11+ Keras optimizers on M1/M2 Macs. Falling back to the legacy Keras optimizer, i.e., `tf.keras.optimizers.legacy.SGD`.]
[2024-03-06 22:11:40,663: INFO: main: >>>>>> stage Prepare base model conpleted <<<<<<

x==========================x]
[2024-03-06 22:11:40,663: INFO: main: ********************************]
[2024-03-06 22:11:40,663: INFO: main: >>>>>> stage Model Training started <<<<<<]
[2024-03-06 22:11:40,665: INFO: common: yaml file: config/config.yaml loaded successfully]
[2024-03-06 22:11:40,665: INFO: common: yaml file: params.yaml loaded successfully]
[2024-03-06 22:11:40,666: INFO: common: created directory at: artifacts]
[2024-03-06 22:11:40,666: INFO: common: created directory at: artifacts/training]
[2024-03-06 22:13:05,728: INFO: main: >>>>>> stage Model Training completed <<<<<<

x=============x]
[2024-03-06 22:13:05,730: INFO: main: *******************]
[2024-03-06 22:13:05,730: INFO: main: >>>>>> stage Evaluation Stage started <<<<<<]
[2024-03-06 22:13:05,732: INFO: common: yaml file: config/config.yaml loaded successfully]
[2024-03-06 22:13:05,733: INFO: common: yaml file: params.yaml loaded successfully]
[2024-03-06 22:13:05,733: INFO: common: created directory at: artifacts]
[2024-03-06 22:13:32,846: INFO: common: json file saved at: scores.json]
[2024-03-06 22:13:32,847: INFO: common: json file saved at: scores.json]
[2024-03-06 22:13:34,140: INFO: builder_impl: Assets written to: /var/folders/22/fvpj_zfs185c11sz0qq87f5r0000gn/T/tmp18xo8s_p/model/data/model/assets]
[2024-03-06 22:13:39,053: INFO: main: >>>>>> stage Evaluation Stage completed <<<<<<

x========================x]
[2024-03-06 22:21:57,515: INFO: main:  >>>>>> stage Data Ingestion stage started <<<<<<]
[2024-03-06 22:21:57,517: INFO: common: yaml file: config/config.yaml loaded successfully]
[2024-03-06 22:21:57,518: INFO: common: yaml file: params.yaml loaded successfully]
[2024-03-06 22:21:57,518: INFO: common: created directory at: artifacts]
[2024-03-06 22:21:57,518: INFO: common: created directory at: artifacts/data_ingestion]
[2024-03-06 22:21:57,518: INFO: data_ingestion: Downloading data from https://drive.google.com/file/d/1vlhZ5c7abUKF8xXERIw6m9Te8fW7ohw3/view into file artifacts/data_ingestion/data.zip]
[2024-03-06 22:21:59,729: ERROR: main: Failed to retrieve file url:

	Cannot retrieve the public link of the file. You may need to change
	the permission to 'Anyone with the link', or have had many accesses.
	Check FAQ in https://github.com/wkentaro/gdown?tab=readme-ov-file#faq.

You may still be able to access the file from the browser:

	https://drive.google.com/uc?/export=download&id=1vlhZ5c7abUKF8xXERIw6m9Te8fW7ohw3

but Gdown can't. Please check connections and permissions.]
Traceback (most recent call last):
  File "/opt/anaconda3/envs/kidney/lib/python3.8/site-packages/gdown/download.py", line 253, in download
    url = get_url_from_gdrive_confirmation(res.text)
  File "/opt/anaconda3/envs/kidney/lib/python3.8/site-packages/gdown/download.py", line 54, in get_url_from_gdrive_confirmation
    raise FileURLRetrievalError(
gdown.exceptions.FileURLRetrievalError: Cannot retrieve the public link of the file. You may need to change the permission to 'Anyone with the link', or have had many accesses. Check FAQ in https://github.com/wkentaro/gdown?tab=readme-ov-file#faq.

During handling of the above exception, another exception occurred:

Traceback (most recent call last):
  File "main.py", line 16, in <module>
    obj.main()
  File "/Users/azharali/Desktop/Projects/Kidney-Disease-Classification-DL/src/cnnClassifier/pipeline/stage_01_data_ingestion.py", line 15, in main
    data_ingestion.download_file()
  File "/Users/azharali/Desktop/Projects/Kidney-Disease-Classification-DL/src/cnnClassifier/components/data_ingestion.py", line 28, in download_file
    raise e
  File "/Users/azharali/Desktop/Projects/Kidney-Disease-Classification-DL/src/cnnClassifier/components/data_ingestion.py", line 23, in download_file
    gdown.download(prefix+file_id, zip_download_dir)
  File "/opt/anaconda3/envs/kidney/lib/python3.8/site-packages/gdown/download.py", line 264, in download
    raise FileURLRetrievalError(message)
gdown.exceptions.FileURLRetrievalError: Failed to retrieve file url:

	Cannot retrieve the public link of the file. You may need to change
	the permission to 'Anyone with the link', or have had many accesses.
	Check FAQ in https://github.com/wkentaro/gdown?tab=readme-ov-file#faq.

You may still be able to access the file from the browser:

	https://drive.google.com/uc?/export=download&id=1vlhZ5c7abUKF8xXERIw6m9Te8fW7ohw3

but Gdown can't. Please check connections and permissions.
[2024-03-06 22:23:05,721: INFO: main:  >>>>>> stage Data Ingestion stage started <<<<<<]
[2024-03-06 22:23:05,723: INFO: common: yaml file: config/config.yaml loaded successfully]
[2024-03-06 22:23:05,724: INFO: common: yaml file: params.yaml loaded successfully]
[2024-03-06 22:23:05,724: INFO: common: created directory at: artifacts]
[2024-03-06 22:23:05,724: INFO: common: created directory at: artifacts/data_ingestion]
[2024-03-06 22:23:05,724: INFO: data_ingestion: Downloading data from https://drive.google.com/file/d/1vlhZ5c7abUKF8xXERIw6m9Te8fW7ohw3/view into file artifacts/data_ingestion/data.zip]
[2024-03-06 22:23:11,205: INFO: data_ingestion: Downloaded data from https://drive.google.com/file/d/1vlhZ5c7abUKF8xXERIw6m9Te8fW7ohw3/view into file artifacts/data_ingestion/data.zip ]
[2024-03-06 22:23:11,673: INFO: main: >>>>>> stage Data Ingestion stage completed <<<<<<

x=============x]
[2024-03-06 22:23:11,674: INFO: main: *****************]
[2024-03-06 22:23:11,674: INFO: main: >>>>>> stage Prepare base model  started <<<<<<]
[2024-03-06 22:23:11,675: INFO: common: yaml file: config/config.yaml loaded successfully]
[2024-03-06 22:23:11,676: INFO: common: yaml file: params.yaml loaded successfully]
[2024-03-06 22:23:11,677: INFO: common: created directory at: artifacts]
[2024-03-06 22:23:11,677: INFO: common: created directory at: artifacts/prepare_base_model]
[2024-03-06 22:23:12,082: WARNING: saving_utils: Compiled the loaded model, but the compiled metrics have yet to be built. `model.compile_metrics` will be empty until you train or evaluate the model.]
[2024-03-06 22:23:12,154: WARNING: optimizer: At this time, the v2.11+ optimizer `tf.keras.optimizers.SGD` runs slowly on M1/M2 Macs, please use the legacy Keras optimizer instead, located at `tf.keras.optimizers.legacy.SGD`.]
[2024-03-06 22:23:12,156: WARNING: __init__: There is a known slowdown when using v2.11+ Keras optimizers on M1/M2 Macs. Falling back to the legacy Keras optimizer, i.e., `tf.keras.optimizers.legacy.SGD`.]
[2024-03-06 22:23:12,285: INFO: main: >>>>>> stage Prepare base model conpleted <<<<<<

x==========================x]
[2024-03-06 22:23:12,285: INFO: main: ********************************]
[2024-03-06 22:23:12,285: INFO: main: >>>>>> stage Model Training started <<<<<<]
[2024-03-06 22:23:12,287: INFO: common: yaml file: config/config.yaml loaded successfully]
[2024-03-06 22:23:12,288: INFO: common: yaml file: params.yaml loaded successfully]
[2024-03-06 22:23:12,288: INFO: common: created directory at: artifacts]
[2024-03-06 22:23:12,288: INFO: common: created directory at: artifacts/training]
[2024-03-06 22:24:35,145: INFO: main: >>>>>> stage Model Training completed <<<<<<

x=============x]
[2024-03-06 22:24:35,146: INFO: main: *******************]
[2024-03-06 22:24:35,146: INFO: main: >>>>>> stage Evaluation Stage started <<<<<<]
[2024-03-06 22:24:35,150: INFO: common: yaml file: config/config.yaml loaded successfully]
[2024-03-06 22:24:35,151: INFO: common: yaml file: params.yaml loaded successfully]
[2024-03-06 22:24:35,151: INFO: common: created directory at: artifacts]
[2024-03-06 22:25:01,660: INFO: common: json file saved at: scores.json]
[2024-03-06 22:25:01,661: INFO: common: json file saved at: scores.json]
[2024-03-06 22:25:03,053: INFO: builder_impl: Assets written to: /var/folders/22/fvpj_zfs185c11sz0qq87f5r0000gn/T/tmpj67qeslg/model/data/model/assets]
[2024-03-06 22:25:08,141: INFO: main: >>>>>> stage Evaluation Stage completed <<<<<<

x========================x]
[2024-03-06 22:28:16,431: INFO: common: yaml file: config/config.yaml loaded successfully]
[2024-03-06 22:28:16,434: INFO: common: yaml file: params.yaml loaded successfully]
[2024-03-06 22:28:16,435: INFO: common: created directory at: artifacts]
[2024-03-06 22:28:44,064: INFO: common: json file saved at: scores.json]
[2024-03-06 22:28:46,828: INFO: builder_impl: Assets written to: /var/folders/22/fvpj_zfs185c11sz0qq87f5r0000gn/T/tmpyq65bv63/model/data/model/assets]
[2024-03-06 22:49:38,821: INFO: common: yaml file: config/config.yaml loaded successfully]
[2024-03-06 22:49:38,822: INFO: common: yaml file: params.yaml loaded successfully]
[2024-03-06 22:49:38,822: INFO: common: created directory at: artifacts]
[2024-03-06 22:50:07,956: INFO: common: json file saved at: scores.json]
[2024-03-06 22:50:10,103: INFO: builder_impl: Assets written to: /var/folders/22/fvpj_zfs185c11sz0qq87f5r0000gn/T/tmploilzn2j/model/data/model/assets]
[2024-03-06 22:51:56,992: INFO: common: yaml file: config/config.yaml loaded successfully]
[2024-03-06 22:51:56,993: INFO: common: yaml file: params.yaml loaded successfully]
[2024-03-06 22:51:56,993: INFO: common: created directory at: artifacts]
[2024-03-06 22:52:26,810: INFO: common: json file saved at: scores.json]
[2024-03-06 22:52:28,196: INFO: builder_impl: Assets written to: /var/folders/22/fvpj_zfs185c11sz0qq87f5r0000gn/T/tmp75mrh1az/model/data/model/assets]
[2024-03-06 22:52:52,801: INFO: common: yaml file: config/config.yaml loaded successfully]
[2024-03-06 22:52:52,802: INFO: common: yaml file: params.yaml loaded successfully]
[2024-03-06 22:52:52,803: INFO: common: created directory at: artifacts]
[2024-03-06 22:53:19,705: INFO: common: json file saved at: scores.json]
[2024-03-06 22:53:21,058: INFO: builder_impl: Assets written to: /var/folders/22/fvpj_zfs185c11sz0qq87f5r0000gn/T/tmp2yv2wrtx/model/data/model/assets]
[2024-03-06 22:57:12,239: INFO: common: yaml file: config/config.yaml loaded successfully]
[2024-03-06 22:57:12,240: INFO: common: yaml file: params.yaml loaded successfully]
[2024-03-06 22:57:12,240: INFO: common: created directory at: artifacts]
[2024-03-06 22:57:39,033: INFO: common: json file saved at: scores.json]
[2024-03-06 22:57:40,438: INFO: builder_impl: Assets written to: /var/folders/22/fvpj_zfs185c11sz0qq87f5r0000gn/T/tmp46x4l6rn/model/data/model/assets]
[2024-03-06 23:04:30,726: INFO: common: yaml file: config/config.yaml loaded successfully]
[2024-03-06 23:04:30,728: INFO: common: yaml file: params.yaml loaded successfully]
[2024-03-06 23:04:30,728: INFO: common: created directory at: artifacts]
[2024-03-06 23:04:57,311: INFO: common: json file saved at: scores.json]
[2024-03-06 23:04:59,370: INFO: builder_impl: Assets written to: /var/folders/22/fvpj_zfs185c11sz0qq87f5r0000gn/T/tmphhm7uqoe/model/data/model/assets]
[2024-03-06 23:09:45,958: INFO: common: yaml file: config/config.yaml loaded successfully]
[2024-03-06 23:09:45,959: INFO: common: yaml file: params.yaml loaded successfully]
[2024-03-06 23:09:45,959: INFO: common: created directory at: artifacts]
[2024-03-06 23:10:12,846: INFO: common: json file saved at: scores.json]
[2024-03-06 23:10:14,151: INFO: builder_impl: Assets written to: /var/folders/22/fvpj_zfs185c11sz0qq87f5r0000gn/T/tmpir7zqv3o/model/data/model/assets]
[2024-03-06 23:10:28,956: INFO: main:  >>>>>> stage Data Ingestion stage started <<<<<<]
[2024-03-06 23:10:28,958: INFO: common: yaml file: config/config.yaml loaded successfully]
[2024-03-06 23:10:28,959: INFO: common: yaml file: params.yaml loaded successfully]
[2024-03-06 23:10:28,959: INFO: common: created directory at: artifacts]
[2024-03-06 23:10:28,959: INFO: common: created directory at: artifacts/data_ingestion]
[2024-03-06 23:10:28,959: INFO: data_ingestion: Downloading data from https://drive.google.com/file/d/1vlhZ5c7abUKF8xXERIw6m9Te8fW7ohw3/view into file artifacts/data_ingestion/data.zip]
[2024-03-06 23:10:34,363: INFO: data_ingestion: Downloaded data from https://drive.google.com/file/d/1vlhZ5c7abUKF8xXERIw6m9Te8fW7ohw3/view into file artifacts/data_ingestion/data.zip ]
[2024-03-06 23:10:34,822: INFO: main: >>>>>> stage Data Ingestion stage completed <<<<<<

x=============x]
[2024-03-06 23:10:34,822: INFO: main: *****************]
[2024-03-06 23:10:34,822: INFO: main: >>>>>> stage Prepare base model  started <<<<<<]
[2024-03-06 23:10:34,823: INFO: common: yaml file: config/config.yaml loaded successfully]
[2024-03-06 23:10:34,824: INFO: common: yaml file: params.yaml loaded successfully]
[2024-03-06 23:10:34,824: INFO: common: created directory at: artifacts]
[2024-03-06 23:10:34,825: INFO: common: created directory at: artifacts/prepare_base_model]
[2024-03-06 23:10:35,182: WARNING: saving_utils: Compiled the loaded model, but the compiled metrics have yet to be built. `model.compile_metrics` will be empty until you train or evaluate the model.]
[2024-03-06 23:10:35,248: WARNING: optimizer: At this time, the v2.11+ optimizer `tf.keras.optimizers.SGD` runs slowly on M1/M2 Macs, please use the legacy Keras optimizer instead, located at `tf.keras.optimizers.legacy.SGD`.]
[2024-03-06 23:10:35,250: WARNING: __init__: There is a known slowdown when using v2.11+ Keras optimizers on M1/M2 Macs. Falling back to the legacy Keras optimizer, i.e., `tf.keras.optimizers.legacy.SGD`.]
[2024-03-06 23:10:35,379: INFO: main: >>>>>> stage Prepare base model conpleted <<<<<<

x==========================x]
[2024-03-06 23:10:35,379: INFO: main: ********************************]
[2024-03-06 23:10:35,380: INFO: main: >>>>>> stage Model Training started <<<<<<]
[2024-03-06 23:10:35,381: INFO: common: yaml file: config/config.yaml loaded successfully]
[2024-03-06 23:10:35,382: INFO: common: yaml file: params.yaml loaded successfully]
[2024-03-06 23:10:35,382: INFO: common: created directory at: artifacts]
[2024-03-06 23:10:35,382: INFO: common: created directory at: artifacts/training]
[2024-03-06 23:11:58,963: INFO: main: >>>>>> stage Model Training completed <<<<<<

x=============x]
[2024-03-06 23:11:58,964: INFO: main: *******************]
[2024-03-06 23:11:58,964: INFO: main: >>>>>> stage Evaluation Stage started <<<<<<]
[2024-03-06 23:11:58,967: INFO: common: yaml file: config/config.yaml loaded successfully]
[2024-03-06 23:11:58,968: INFO: common: yaml file: params.yaml loaded successfully]
[2024-03-06 23:11:58,968: INFO: common: created directory at: artifacts]
[2024-03-06 23:12:25,467: INFO: common: json file saved at: scores.json]
[2024-03-06 23:12:25,468: INFO: common: json file saved at: scores.json]
[2024-03-06 23:12:25,468: INFO: main: >>>>>> stage Evaluation Stage completed <<<<<<

x========================x]
[2024-03-06 23:26:19,002: INFO: main:  >>>>>> stage Data Ingestion stage started <<<<<<]
[2024-03-06 23:26:19,004: INFO: common: yaml file: config/config.yaml loaded successfully]
[2024-03-06 23:26:19,005: INFO: common: yaml file: params.yaml loaded successfully]
[2024-03-06 23:26:19,005: INFO: common: created directory at: artifacts]
[2024-03-06 23:26:19,005: INFO: common: created directory at: artifacts/data_ingestion]
[2024-03-06 23:26:19,005: INFO: data_ingestion: Downloading data from https://drive.google.com/file/d/1vlhZ5c7abUKF8xXERIw6m9Te8fW7ohw3/view into file artifacts/data_ingestion/data.zip]
[2024-03-06 23:26:20,656: ERROR: main: Failed to retrieve file url:

	Cannot retrieve the public link of the file. You may need to change
	the permission to 'Anyone with the link', or have had many accesses.
	Check FAQ in https://github.com/wkentaro/gdown?tab=readme-ov-file#faq.

You may still be able to access the file from the browser:

	https://drive.google.com/uc?/export=download&id=1vlhZ5c7abUKF8xXERIw6m9Te8fW7ohw3

but Gdown can't. Please check connections and permissions.]
Traceback (most recent call last):
  File "/opt/anaconda3/envs/kidney/lib/python3.8/site-packages/gdown/download.py", line 253, in download
    url = get_url_from_gdrive_confirmation(res.text)
  File "/opt/anaconda3/envs/kidney/lib/python3.8/site-packages/gdown/download.py", line 54, in get_url_from_gdrive_confirmation
    raise FileURLRetrievalError(
gdown.exceptions.FileURLRetrievalError: Cannot retrieve the public link of the file. You may need to change the permission to 'Anyone with the link', or have had many accesses. Check FAQ in https://github.com/wkentaro/gdown?tab=readme-ov-file#faq.

During handling of the above exception, another exception occurred:

Traceback (most recent call last):
  File "main.py", line 16, in <module>
    obj.main()
  File "/Users/azharali/Desktop/Projects/Kidney-Disease-Classification-DL/src/cnnClassifier/pipeline/stage_01_data_ingestion.py", line 15, in main
    data_ingestion.download_file()
  File "/Users/azharali/Desktop/Projects/Kidney-Disease-Classification-DL/src/cnnClassifier/components/data_ingestion.py", line 28, in download_file
    raise e
  File "/Users/azharali/Desktop/Projects/Kidney-Disease-Classification-DL/src/cnnClassifier/components/data_ingestion.py", line 23, in download_file
    gdown.download(prefix+file_id, zip_download_dir)
  File "/opt/anaconda3/envs/kidney/lib/python3.8/site-packages/gdown/download.py", line 264, in download
    raise FileURLRetrievalError(message)
gdown.exceptions.FileURLRetrievalError: Failed to retrieve file url:

	Cannot retrieve the public link of the file. You may need to change
	the permission to 'Anyone with the link', or have had many accesses.
	Check FAQ in https://github.com/wkentaro/gdown?tab=readme-ov-file#faq.

You may still be able to access the file from the browser:

	https://drive.google.com/uc?/export=download&id=1vlhZ5c7abUKF8xXERIw6m9Te8fW7ohw3

but Gdown can't. Please check connections and permissions.
[2024-03-06 23:26:28,666: INFO: main:  >>>>>> stage Data Ingestion stage started <<<<<<]
[2024-03-06 23:26:28,668: INFO: common: yaml file: config/config.yaml loaded successfully]
[2024-03-06 23:26:28,669: INFO: common: yaml file: params.yaml loaded successfully]
[2024-03-06 23:26:28,669: INFO: common: created directory at: artifacts]
[2024-03-06 23:26:28,669: INFO: common: created directory at: artifacts/data_ingestion]
[2024-03-06 23:26:28,669: INFO: data_ingestion: Downloading data from https://drive.google.com/file/d/1vlhZ5c7abUKF8xXERIw6m9Te8fW7ohw3/view into file artifacts/data_ingestion/data.zip]
[2024-03-06 23:26:34,433: INFO: data_ingestion: Downloaded data from https://drive.google.com/file/d/1vlhZ5c7abUKF8xXERIw6m9Te8fW7ohw3/view into file artifacts/data_ingestion/data.zip ]
[2024-03-06 23:26:34,914: INFO: main: >>>>>> stage Data Ingestion stage completed <<<<<<

x=============x]
[2024-03-06 23:26:34,914: INFO: main: *****************]
[2024-03-06 23:26:34,914: INFO: main: >>>>>> stage Prepare base model  started <<<<<<]
[2024-03-06 23:26:34,916: INFO: common: yaml file: config/config.yaml loaded successfully]
[2024-03-06 23:26:34,917: INFO: common: yaml file: params.yaml loaded successfully]
[2024-03-06 23:26:34,917: INFO: common: created directory at: artifacts]
[2024-03-06 23:26:34,917: INFO: common: created directory at: artifacts/prepare_base_model]
[2024-03-06 23:26:35,324: WARNING: saving_utils: Compiled the loaded model, but the compiled metrics have yet to be built. `model.compile_metrics` will be empty until you train or evaluate the model.]
[2024-03-06 23:26:35,395: WARNING: optimizer: At this time, the v2.11+ optimizer `tf.keras.optimizers.SGD` runs slowly on M1/M2 Macs, please use the legacy Keras optimizer instead, located at `tf.keras.optimizers.legacy.SGD`.]
[2024-03-06 23:26:35,397: WARNING: __init__: There is a known slowdown when using v2.11+ Keras optimizers on M1/M2 Macs. Falling back to the legacy Keras optimizer, i.e., `tf.keras.optimizers.legacy.SGD`.]
[2024-03-06 23:26:35,523: INFO: main: >>>>>> stage Prepare base model conpleted <<<<<<

x==========================x]
[2024-03-06 23:26:35,523: INFO: main: ********************************]
[2024-03-06 23:26:35,523: INFO: main: >>>>>> stage Model Training started <<<<<<]
[2024-03-06 23:26:35,525: INFO: common: yaml file: config/config.yaml loaded successfully]
[2024-03-06 23:26:35,526: INFO: common: yaml file: params.yaml loaded successfully]
[2024-03-06 23:26:35,526: INFO: common: created directory at: artifacts]
[2024-03-06 23:26:35,526: INFO: common: created directory at: artifacts/training]
[2024-03-06 23:27:59,975: INFO: main: >>>>>> stage Model Training completed <<<<<<

x=============x]
[2024-03-06 23:27:59,977: INFO: main: *******************]
[2024-03-06 23:27:59,977: INFO: main: >>>>>> stage Evaluation Stage started <<<<<<]
[2024-03-06 23:27:59,979: INFO: common: yaml file: config/config.yaml loaded successfully]
[2024-03-06 23:27:59,981: INFO: common: yaml file: params.yaml loaded successfully]
[2024-03-06 23:27:59,981: INFO: common: created directory at: artifacts]
[2024-03-06 23:28:26,636: INFO: common: json file saved at: scores.json]
[2024-03-06 23:28:26,637: INFO: common: json file saved at: scores.json]
[2024-03-06 23:28:28,422: INFO: builder_impl: Assets written to: /var/folders/22/fvpj_zfs185c11sz0qq87f5r0000gn/T/tmpm2kkr39i/model/data/model/assets]
[2024-03-06 23:28:34,201: ERROR: main: API request to endpoint /api/2.0/mlflow/registered-models/create failed with error code 403 != 200. Response body: '']
Traceback (most recent call last):
  File "main.py", line 54, in <module>
    model_evaluation.main()
  File "/Users/azharali/Desktop/Projects/Kidney-Disease-Classification-DL/src/cnnClassifier/pipeline/stage_04_model_evaluation.py", line 18, in main
    evaluation.log_into_mlflow()
  File "/Users/azharali/Desktop/Projects/Kidney-Disease-Classification-DL/src/cnnClassifier/components/model_evaluation_mlflow.py", line 72, in log_into_mlflow
    mlflow.keras.log_model(self.model, "model", registered_model_name="VGG16Model")
  File "/opt/anaconda3/envs/kidney/lib/python3.8/site-packages/mlflow/tensorflow/__init__.py", line 213, in log_model
    return Model.log(
  File "/opt/anaconda3/envs/kidney/lib/python3.8/site-packages/mlflow/models/model.py", line 632, in log
    mlflow.tracking._model_registry.fluent._register_model(
  File "/opt/anaconda3/envs/kidney/lib/python3.8/site-packages/mlflow/tracking/_model_registry/fluent.py", line 104, in _register_model
    raise e
  File "/opt/anaconda3/envs/kidney/lib/python3.8/site-packages/mlflow/tracking/_model_registry/fluent.py", line 92, in _register_model
    create_model_response = client.create_registered_model(name)
  File "/opt/anaconda3/envs/kidney/lib/python3.8/site-packages/mlflow/tracking/client.py", line 2192, in create_registered_model
    return self._get_registry_client().create_registered_model(name, tags, description)
  File "/opt/anaconda3/envs/kidney/lib/python3.8/site-packages/mlflow/tracking/_model_registry/client.py", line 63, in create_registered_model
    return self.store.create_registered_model(name, tags, description)
  File "/opt/anaconda3/envs/kidney/lib/python3.8/site-packages/mlflow/store/model_registry/rest_store.py", line 82, in create_registered_model
    response_proto = self._call_endpoint(CreateRegisteredModel, req_body)
  File "/opt/anaconda3/envs/kidney/lib/python3.8/site-packages/mlflow/store/model_registry/base_rest_store.py", line 44, in _call_endpoint
    return call_endpoint(
  File "/opt/anaconda3/envs/kidney/lib/python3.8/site-packages/mlflow/utils/rest_utils.py", line 220, in call_endpoint
    response = verify_rest_response(response, endpoint)
  File "/opt/anaconda3/envs/kidney/lib/python3.8/site-packages/mlflow/utils/rest_utils.py", line 158, in verify_rest_response
    raise MlflowException(
mlflow.exceptions.MlflowException: API request to endpoint /api/2.0/mlflow/registered-models/create failed with error code 403 != 200. Response body: ''
[2024-03-07 08:22:35,541: INFO: main:  >>>>>> stage Data Ingestion stage started <<<<<<]
[2024-03-07 08:22:35,542: INFO: common: yaml file: config/config.yaml loaded successfully]
[2024-03-07 08:22:35,543: INFO: common: yaml file: params.yaml loaded successfully]
[2024-03-07 08:22:35,544: INFO: common: created directory at: artifacts]
[2024-03-07 08:22:35,544: INFO: common: created directory at: artifacts/data_ingestion]
[2024-03-07 08:22:35,544: INFO: data_ingestion: Downloading data from https://drive.google.com/file/d/1vlhZ5c7abUKF8xXERIw6m9Te8fW7ohw3/view into file artifacts/data_ingestion/data.zip]
[2024-03-07 08:22:45,243: INFO: data_ingestion: Downloaded data from https://drive.google.com/file/d/1vlhZ5c7abUKF8xXERIw6m9Te8fW7ohw3/view into file artifacts/data_ingestion/data.zip ]
[2024-03-07 08:22:45,725: INFO: main: >>>>>> stage Data Ingestion stage completed <<<<<<

x=============x]
[2024-03-07 08:22:45,725: INFO: main: *****************]
[2024-03-07 08:22:45,725: INFO: main: >>>>>> stage Prepare base model  started <<<<<<]
[2024-03-07 08:22:45,729: INFO: common: yaml file: config/config.yaml loaded successfully]
[2024-03-07 08:22:45,730: INFO: common: yaml file: params.yaml loaded successfully]
[2024-03-07 08:22:45,730: INFO: common: created directory at: artifacts]
[2024-03-07 08:22:45,731: INFO: common: created directory at: artifacts/prepare_base_model]
[2024-03-07 08:22:46,149: WARNING: saving_utils: Compiled the loaded model, but the compiled metrics have yet to be built. `model.compile_metrics` will be empty until you train or evaluate the model.]
[2024-03-07 08:22:46,217: WARNING: optimizer: At this time, the v2.11+ optimizer `tf.keras.optimizers.SGD` runs slowly on M1/M2 Macs, please use the legacy Keras optimizer instead, located at `tf.keras.optimizers.legacy.SGD`.]
[2024-03-07 08:22:46,219: WARNING: __init__: There is a known slowdown when using v2.11+ Keras optimizers on M1/M2 Macs. Falling back to the legacy Keras optimizer, i.e., `tf.keras.optimizers.legacy.SGD`.]
[2024-03-07 08:22:46,365: INFO: main: >>>>>> stage Prepare base model conpleted <<<<<<

x==========================x]
[2024-03-07 08:22:46,365: INFO: main: ********************************]
[2024-03-07 08:22:46,365: INFO: main: >>>>>> stage Model Training started <<<<<<]
[2024-03-07 08:22:46,367: INFO: common: yaml file: config/config.yaml loaded successfully]
[2024-03-07 08:22:46,369: INFO: common: yaml file: params.yaml loaded successfully]
[2024-03-07 08:22:46,369: INFO: common: created directory at: artifacts]
[2024-03-07 08:22:46,369: INFO: common: created directory at: artifacts/training]
[2024-03-07 08:24:13,197: INFO: main: >>>>>> stage Model Training completed <<<<<<

x=============x]
[2024-03-07 08:24:13,200: INFO: main: *******************]
[2024-03-07 08:24:13,200: INFO: main: >>>>>> stage Evaluation Stage started <<<<<<]
[2024-03-07 08:24:13,203: INFO: common: yaml file: config/config.yaml loaded successfully]
[2024-03-07 08:24:13,205: INFO: common: yaml file: params.yaml loaded successfully]
[2024-03-07 08:24:13,205: INFO: common: created directory at: artifacts]
[2024-03-07 08:24:40,919: INFO: common: json file saved at: scores.json]
[2024-03-07 08:24:40,920: INFO: common: json file saved at: scores.json]
[2024-03-07 08:24:42,828: INFO: builder_impl: Assets written to: /var/folders/22/fvpj_zfs185c11sz0qq87f5r0000gn/T/tmpw8o14bbl/model/data/model/assets]
[2024-03-07 08:24:48,731: INFO: main: >>>>>> stage Evaluation Stage completed <<<<<<

x========================x]
[2024-03-07 08:25:46,123: INFO: main:  >>>>>> stage Data Ingestion stage started <<<<<<]
[2024-03-07 08:25:46,125: INFO: common: yaml file: config/config.yaml loaded successfully]
[2024-03-07 08:25:46,126: INFO: common: yaml file: params.yaml loaded successfully]
[2024-03-07 08:25:46,126: INFO: common: created directory at: artifacts]
[2024-03-07 08:25:46,126: INFO: common: created directory at: artifacts/data_ingestion]
[2024-03-07 08:25:46,126: INFO: data_ingestion: Downloading data from https://drive.google.com/file/d/1vlhZ5c7abUKF8xXERIw6m9Te8fW7ohw3/view into file artifacts/data_ingestion/data.zip]
[2024-03-07 08:25:50,651: INFO: data_ingestion: Downloaded data from https://drive.google.com/file/d/1vlhZ5c7abUKF8xXERIw6m9Te8fW7ohw3/view into file artifacts/data_ingestion/data.zip ]
[2024-03-07 08:25:51,124: INFO: main: >>>>>> stage Data Ingestion stage completed <<<<<<

x=============x]
[2024-03-07 08:25:51,124: INFO: main: *****************]
[2024-03-07 08:25:51,124: INFO: main: >>>>>> stage Prepare base model  started <<<<<<]
[2024-03-07 08:25:51,126: INFO: common: yaml file: config/config.yaml loaded successfully]
[2024-03-07 08:25:51,127: INFO: common: yaml file: params.yaml loaded successfully]
[2024-03-07 08:25:51,127: INFO: common: created directory at: artifacts]
[2024-03-07 08:25:51,127: INFO: common: created directory at: artifacts/prepare_base_model]
[2024-03-07 08:25:51,508: WARNING: saving_utils: Compiled the loaded model, but the compiled metrics have yet to be built. `model.compile_metrics` will be empty until you train or evaluate the model.]
[2024-03-07 08:25:51,576: WARNING: optimizer: At this time, the v2.11+ optimizer `tf.keras.optimizers.SGD` runs slowly on M1/M2 Macs, please use the legacy Keras optimizer instead, located at `tf.keras.optimizers.legacy.SGD`.]
[2024-03-07 08:25:51,578: WARNING: __init__: There is a known slowdown when using v2.11+ Keras optimizers on M1/M2 Macs. Falling back to the legacy Keras optimizer, i.e., `tf.keras.optimizers.legacy.SGD`.]
[2024-03-07 08:25:51,709: INFO: main: >>>>>> stage Prepare base model conpleted <<<<<<

x==========================x]
[2024-03-07 08:25:51,709: INFO: main: ********************************]
[2024-03-07 08:25:51,709: INFO: main: >>>>>> stage Model Training started <<<<<<]
[2024-03-07 08:25:51,710: INFO: common: yaml file: config/config.yaml loaded successfully]
[2024-03-07 08:25:51,711: INFO: common: yaml file: params.yaml loaded successfully]
[2024-03-07 08:25:51,711: INFO: common: created directory at: artifacts]
[2024-03-07 08:25:51,711: INFO: common: created directory at: artifacts/training]
[2024-03-07 08:27:16,086: INFO: main: >>>>>> stage Model Training completed <<<<<<

x=============x]
[2024-03-07 08:27:16,088: INFO: main: *******************]
[2024-03-07 08:27:16,088: INFO: main: >>>>>> stage Evaluation Stage started <<<<<<]
[2024-03-07 08:27:16,091: INFO: common: yaml file: config/config.yaml loaded successfully]
[2024-03-07 08:27:16,092: INFO: common: yaml file: params.yaml loaded successfully]
[2024-03-07 08:27:16,092: INFO: common: created directory at: artifacts]
[2024-03-07 08:27:42,632: INFO: common: json file saved at: scores.json]
[2024-03-07 08:27:42,633: INFO: common: json file saved at: scores.json]
[2024-03-07 08:27:44,066: INFO: builder_impl: Assets written to: /var/folders/22/fvpj_zfs185c11sz0qq87f5r0000gn/T/tmpyj9ojx4y/model/data/model/assets]
[2024-03-07 08:27:49,241: INFO: main: >>>>>> stage Evaluation Stage completed <<<<<<

x========================x]
[2024-03-07 08:33:17,642: INFO: common: yaml file: config/config.yaml loaded successfully]
[2024-03-07 08:33:17,645: INFO: common: yaml file: params.yaml loaded successfully]
[2024-03-07 08:33:17,646: INFO: common: created directory at: artifacts]
[2024-03-07 08:33:47,041: INFO: common: json file saved at: scores.json]
[2024-03-07 08:33:49,669: INFO: builder_impl: Assets written to: /var/folders/22/fvpj_zfs185c11sz0qq87f5r0000gn/T/tmpjmi3yghu/model/data/model/assets]
[2024-03-07 08:50:17,709: INFO: main:  >>>>>> stage Data Ingestion stage started <<<<<<]
[2024-03-07 08:50:17,711: INFO: common: yaml file: config/config.yaml loaded successfully]
[2024-03-07 08:50:17,712: INFO: common: yaml file: params.yaml loaded successfully]
[2024-03-07 08:50:17,712: INFO: common: created directory at: artifacts]
[2024-03-07 08:50:17,712: INFO: common: created directory at: artifacts/data_ingestion]
[2024-03-07 08:50:17,712: INFO: data_ingestion: Downloading data from https://drive.google.com/file/d/1vlhZ5c7abUKF8xXERIw6m9Te8fW7ohw3/view into file artifacts/data_ingestion/data.zip]
[2024-03-07 08:50:22,378: INFO: data_ingestion: Downloaded data from https://drive.google.com/file/d/1vlhZ5c7abUKF8xXERIw6m9Te8fW7ohw3/view into file artifacts/data_ingestion/data.zip ]
[2024-03-07 08:50:22,848: INFO: main: >>>>>> stage Data Ingestion stage completed <<<<<<

x=============x]
[2024-03-07 08:50:22,849: INFO: main: *****************]
[2024-03-07 08:50:22,849: INFO: main: >>>>>> stage Prepare base model  started <<<<<<]
[2024-03-07 08:50:22,850: INFO: common: yaml file: config/config.yaml loaded successfully]
[2024-03-07 08:50:22,851: INFO: common: yaml file: params.yaml loaded successfully]
[2024-03-07 08:50:22,851: INFO: common: created directory at: artifacts]
[2024-03-07 08:50:22,851: INFO: common: created directory at: artifacts/prepare_base_model]
[2024-03-07 08:50:23,239: WARNING: saving_utils: Compiled the loaded model, but the compiled metrics have yet to be built. `model.compile_metrics` will be empty until you train or evaluate the model.]
[2024-03-07 08:50:23,314: WARNING: optimizer: At this time, the v2.11+ optimizer `tf.keras.optimizers.SGD` runs slowly on M1/M2 Macs, please use the legacy Keras optimizer instead, located at `tf.keras.optimizers.legacy.SGD`.]
[2024-03-07 08:50:23,316: WARNING: __init__: There is a known slowdown when using v2.11+ Keras optimizers on M1/M2 Macs. Falling back to the legacy Keras optimizer, i.e., `tf.keras.optimizers.legacy.SGD`.]
[2024-03-07 08:50:23,455: INFO: main: >>>>>> stage Prepare base model conpleted <<<<<<

x==========================x]
[2024-03-07 08:50:23,455: INFO: main: ********************************]
[2024-03-07 08:50:23,455: INFO: main: >>>>>> stage Model Training started <<<<<<]
[2024-03-07 08:50:23,456: INFO: common: yaml file: config/config.yaml loaded successfully]
[2024-03-07 08:50:23,457: INFO: common: yaml file: params.yaml loaded successfully]
[2024-03-07 08:50:23,457: INFO: common: created directory at: artifacts]
[2024-03-07 08:50:23,458: INFO: common: created directory at: artifacts/training]
[2024-03-07 08:51:46,100: INFO: main: >>>>>> stage Model Training completed <<<<<<

x=============x]
[2024-03-07 08:51:46,101: INFO: main: *******************]
[2024-03-07 08:51:46,102: INFO: main: >>>>>> stage Evaluation Stage started <<<<<<]
[2024-03-07 08:51:46,105: INFO: common: yaml file: config/config.yaml loaded successfully]
[2024-03-07 08:51:46,106: INFO: common: yaml file: params.yaml loaded successfully]
[2024-03-07 08:51:46,106: INFO: common: created directory at: artifacts]
[2024-03-07 08:52:12,479: INFO: common: json file saved at: scores.json]
[2024-03-07 08:52:12,480: INFO: common: json file saved at: scores.json]
[2024-03-07 08:52:13,864: INFO: builder_impl: Assets written to: /var/folders/22/fvpj_zfs185c11sz0qq87f5r0000gn/T/tmpqs5btxd2/model/data/model/assets]
[2024-03-07 08:52:19,051: INFO: main: >>>>>> stage Evaluation Stage completed <<<<<<

x========================x]
[2024-03-08 16:40:35,402: INFO: main:  >>>>>> stage Data Ingestion stage started <<<<<<]
[2024-03-08 16:40:35,403: INFO: common: yaml file: config/config.yaml loaded successfully]
[2024-03-08 16:40:35,405: INFO: common: yaml file: params.yaml loaded successfully]
[2024-03-08 16:40:35,405: INFO: common: created directory at: artifacts]
[2024-03-08 16:40:35,405: INFO: common: created directory at: artifacts/data_ingestion]
[2024-03-08 16:40:35,405: INFO: data_ingestion: Downloading data from https://drive.google.com/file/d/1vlhZ5c7abUKF8xXERIw6m9Te8fW7ohw3/view into file artifacts/data_ingestion/data.zip]
[2024-03-08 16:40:40,121: INFO: data_ingestion: Downloaded data from https://drive.google.com/file/d/1vlhZ5c7abUKF8xXERIw6m9Te8fW7ohw3/view into file artifacts/data_ingestion/data.zip ]
[2024-03-08 16:40:40,589: INFO: main: >>>>>> stage Data Ingestion stage completed <<<<<<

x=============x]
[2024-03-08 16:40:40,589: INFO: main: *****************]
[2024-03-08 16:40:40,589: INFO: main: >>>>>> stage Prepare base model  started <<<<<<]
[2024-03-08 16:40:40,590: INFO: common: yaml file: config/config.yaml loaded successfully]
[2024-03-08 16:40:40,591: INFO: common: yaml file: params.yaml loaded successfully]
[2024-03-08 16:40:40,591: INFO: common: created directory at: artifacts]
[2024-03-08 16:40:40,591: INFO: common: created directory at: artifacts/prepare_base_model]
[2024-03-08 16:40:41,024: WARNING: saving_utils: Compiled the loaded model, but the compiled metrics have yet to be built. `model.compile_metrics` will be empty until you train or evaluate the model.]
[2024-03-08 16:40:41,096: WARNING: optimizer: At this time, the v2.11+ optimizer `tf.keras.optimizers.SGD` runs slowly on M1/M2 Macs, please use the legacy Keras optimizer instead, located at `tf.keras.optimizers.legacy.SGD`.]
[2024-03-08 16:40:41,098: WARNING: __init__: There is a known slowdown when using v2.11+ Keras optimizers on M1/M2 Macs. Falling back to the legacy Keras optimizer, i.e., `tf.keras.optimizers.legacy.SGD`.]
[2024-03-08 16:40:41,226: INFO: main: >>>>>> stage Prepare base model conpleted <<<<<<

x==========================x]
[2024-03-08 16:40:41,226: INFO: main: ********************************]
[2024-03-08 16:40:41,226: INFO: main: >>>>>> stage Model Training started <<<<<<]
[2024-03-08 16:40:41,228: INFO: common: yaml file: config/config.yaml loaded successfully]
[2024-03-08 16:40:41,228: INFO: common: yaml file: params.yaml loaded successfully]
[2024-03-08 16:40:41,229: INFO: common: created directory at: artifacts]
[2024-03-08 16:40:41,229: INFO: common: created directory at: artifacts/training]
[2024-03-08 16:42:06,831: INFO: main: >>>>>> stage Model Training completed <<<<<<

x=============x]
[2024-03-08 16:42:06,833: INFO: main: *******************]
[2024-03-08 16:42:06,833: INFO: main: >>>>>> stage Evaluation Stage started <<<<<<]
[2024-03-08 16:42:06,836: INFO: common: yaml file: config/config.yaml loaded successfully]
[2024-03-08 16:42:06,838: INFO: common: yaml file: params.yaml loaded successfully]
[2024-03-08 16:42:06,838: INFO: common: created directory at: artifacts]
[2024-03-08 16:42:33,939: INFO: common: json file saved at: scores.json]
[2024-03-08 16:42:33,940: INFO: common: json file saved at: scores.json]
[2024-03-08 16:42:35,420: INFO: builder_impl: Assets written to: /var/folders/22/fvpj_zfs185c11sz0qq87f5r0000gn/T/tmpui6jbwvn/model/data/model/assets]
[2024-03-08 16:42:40,740: INFO: main: >>>>>> stage Evaluation Stage completed <<<<<<

x========================x]
[2024-03-08 16:48:53,950: INFO: common: yaml file: config/config.yaml loaded successfully]
[2024-03-08 16:48:53,953: INFO: common: yaml file: params.yaml loaded successfully]
[2024-03-08 16:48:53,953: INFO: common: created directory at: artifacts]
[2024-03-08 16:49:25,062: INFO: common: json file saved at: scores.json]
[2024-03-08 16:49:27,836: INFO: builder_impl: Assets written to: /var/folders/22/fvpj_zfs185c11sz0qq87f5r0000gn/T/tmpt_2z521u/model/data/model/assets]
[2024-03-08 17:25:02,026: INFO: main:  >>>>>> stage Data Ingestion stage started <<<<<<]
[2024-03-08 17:25:02,028: INFO: common: yaml file: config/config.yaml loaded successfully]
[2024-03-08 17:25:02,029: INFO: common: yaml file: params.yaml loaded successfully]
[2024-03-08 17:25:02,029: INFO: common: created directory at: artifacts]
[2024-03-08 17:25:02,029: INFO: common: created directory at: artifacts/data_ingestion]
[2024-03-08 17:25:02,029: INFO: data_ingestion: Downloading data from https://drive.google.com/file/d/1vlhZ5c7abUKF8xXERIw6m9Te8fW7ohw3/view into file artifacts/data_ingestion/data.zip]
[2024-03-08 17:25:06,878: INFO: data_ingestion: Downloaded data from https://drive.google.com/file/d/1vlhZ5c7abUKF8xXERIw6m9Te8fW7ohw3/view into file artifacts/data_ingestion/data.zip ]
[2024-03-08 17:25:07,462: INFO: main: >>>>>> stage Data Ingestion stage completed <<<<<<

x=============x]
[2024-03-08 17:25:07,462: INFO: main: *****************]
[2024-03-08 17:25:07,462: INFO: main: >>>>>> stage Prepare base model  started <<<<<<]
[2024-03-08 17:25:07,464: INFO: common: yaml file: config/config.yaml loaded successfully]
[2024-03-08 17:25:07,465: INFO: common: yaml file: params.yaml loaded successfully]
[2024-03-08 17:25:07,466: INFO: common: created directory at: artifacts]
[2024-03-08 17:25:07,466: INFO: common: created directory at: artifacts/prepare_base_model]
[2024-03-08 17:25:08,339: WARNING: saving_utils: Compiled the loaded model, but the compiled metrics have yet to be built. `model.compile_metrics` will be empty until you train or evaluate the model.]
[2024-03-08 17:25:08,524: WARNING: optimizer: At this time, the v2.11+ optimizer `tf.keras.optimizers.SGD` runs slowly on M1/M2 Macs, please use the legacy Keras optimizer instead, located at `tf.keras.optimizers.legacy.SGD`.]
[2024-03-08 17:25:08,531: WARNING: __init__: There is a known slowdown when using v2.11+ Keras optimizers on M1/M2 Macs. Falling back to the legacy Keras optimizer, i.e., `tf.keras.optimizers.legacy.SGD`.]
[2024-03-08 17:25:08,871: INFO: main: >>>>>> stage Prepare base model conpleted <<<<<<

x==========================x]
[2024-03-08 17:25:08,871: INFO: main: ********************************]
[2024-03-08 17:25:08,871: INFO: main: >>>>>> stage Model Training started <<<<<<]
[2024-03-08 17:25:08,878: INFO: common: yaml file: config/config.yaml loaded successfully]
[2024-03-08 17:25:08,881: INFO: common: yaml file: params.yaml loaded successfully]
[2024-03-08 17:25:08,882: INFO: common: created directory at: artifacts]
[2024-03-08 17:25:08,882: INFO: common: created directory at: artifacts/training]
[2024-03-08 17:27:06,451: INFO: main: >>>>>> stage Model Training completed <<<<<<

x=============x]
[2024-03-08 17:27:06,452: INFO: main: *******************]
[2024-03-08 17:27:06,452: INFO: main: >>>>>> stage Evaluation Stage started <<<<<<]
[2024-03-08 17:27:06,455: INFO: common: yaml file: config/config.yaml loaded successfully]
[2024-03-08 17:27:06,457: INFO: common: yaml file: params.yaml loaded successfully]
[2024-03-08 17:27:06,457: INFO: common: created directory at: artifacts]
[2024-03-08 17:27:47,576: INFO: common: json file saved at: scores.json]
[2024-03-08 17:27:47,578: INFO: common: json file saved at: scores.json]
[2024-03-08 17:27:49,373: INFO: builder_impl: Assets written to: /var/folders/22/fvpj_zfs185c11sz0qq87f5r0000gn/T/tmpi5m5dh2i/model/data/model/assets]
[2024-03-08 17:27:56,653: INFO: main: >>>>>> stage Evaluation Stage completed <<<<<<

x========================x]
[2024-03-08 17:40:20,292: INFO: main:  >>>>>> stage Data Ingestion stage started <<<<<<]
[2024-03-08 17:40:20,294: INFO: common: yaml file: config/config.yaml loaded successfully]
[2024-03-08 17:40:20,295: INFO: common: yaml file: params.yaml loaded successfully]
[2024-03-08 17:40:20,295: INFO: common: created directory at: artifacts]
[2024-03-08 17:40:20,295: INFO: common: created directory at: artifacts/data_ingestion]
[2024-03-08 17:40:20,295: INFO: data_ingestion: Downloading data from https://drive.google.com/file/d/1vlhZ5c7abUKF8xXERIw6m9Te8fW7ohw3/view into file artifacts/data_ingestion/data.zip]
[2024-03-08 17:40:24,370: INFO: data_ingestion: Downloaded data from https://drive.google.com/file/d/1vlhZ5c7abUKF8xXERIw6m9Te8fW7ohw3/view into file artifacts/data_ingestion/data.zip ]
[2024-03-08 17:40:24,858: INFO: main: >>>>>> stage Data Ingestion stage completed <<<<<<

x=============x]
[2024-03-08 17:40:24,858: INFO: main: *****************]
[2024-03-08 17:40:24,858: INFO: main: >>>>>> stage Prepare base model  started <<<<<<]
[2024-03-08 17:40:24,859: INFO: common: yaml file: config/config.yaml loaded successfully]
[2024-03-08 17:40:24,860: INFO: common: yaml file: params.yaml loaded successfully]
[2024-03-08 17:40:24,860: INFO: common: created directory at: artifacts]
[2024-03-08 17:40:24,860: INFO: common: created directory at: artifacts/prepare_base_model]
[2024-03-08 17:40:25,281: WARNING: saving_utils: Compiled the loaded model, but the compiled metrics have yet to be built. `model.compile_metrics` will be empty until you train or evaluate the model.]
[2024-03-08 17:40:25,344: WARNING: optimizer: At this time, the v2.11+ optimizer `tf.keras.optimizers.SGD` runs slowly on M1/M2 Macs, please use the legacy Keras optimizer instead, located at `tf.keras.optimizers.legacy.SGD`.]
[2024-03-08 17:40:25,346: WARNING: __init__: There is a known slowdown when using v2.11+ Keras optimizers on M1/M2 Macs. Falling back to the legacy Keras optimizer, i.e., `tf.keras.optimizers.legacy.SGD`.]
[2024-03-08 17:40:25,477: INFO: main: >>>>>> stage Prepare base model conpleted <<<<<<

x==========================x]
[2024-03-08 17:40:25,477: INFO: main: ********************************]
[2024-03-08 17:40:25,477: INFO: main: >>>>>> stage Model Training started <<<<<<]
[2024-03-08 17:40:25,479: INFO: common: yaml file: config/config.yaml loaded successfully]
[2024-03-08 17:40:25,479: INFO: common: yaml file: params.yaml loaded successfully]
[2024-03-08 17:40:25,480: INFO: common: created directory at: artifacts]
[2024-03-08 17:40:25,480: INFO: common: created directory at: artifacts/training]
[2024-03-08 17:42:07,846: INFO: main: >>>>>> stage Model Training completed <<<<<<

x=============x]
[2024-03-08 17:42:07,850: INFO: main: *******************]
[2024-03-08 17:42:07,850: INFO: main: >>>>>> stage Evaluation Stage started <<<<<<]
[2024-03-08 17:42:07,853: INFO: common: yaml file: config/config.yaml loaded successfully]
[2024-03-08 17:42:07,855: INFO: common: yaml file: params.yaml loaded successfully]
[2024-03-08 17:42:07,855: INFO: common: created directory at: artifacts]
[2024-03-08 17:42:40,034: INFO: common: json file saved at: scores.json]
[2024-03-08 17:42:40,035: INFO: common: json file saved at: scores.json]
[2024-03-08 17:42:42,433: INFO: builder_impl: Assets written to: /var/folders/22/fvpj_zfs185c11sz0qq87f5r0000gn/T/tmpaev9vm2c/model/data/model/assets]
[2024-03-08 17:42:48,613: INFO: main: >>>>>> stage Evaluation Stage completed <<<<<<

x========================x]
[2024-03-18 16:30:15,919: INFO: common: yaml file: config/config.yaml loaded successfully]
[2024-03-18 16:30:15,923: INFO: common: yaml file: params.yaml loaded successfully]
[2024-03-18 16:30:15,924: INFO: common: created directory at: artifacts]
[2024-03-18 16:30:29,397: INFO: common: json file saved at: scores.json]
[2024-03-18 16:30:31,928: INFO: builder_impl: Assets written to: /var/folders/22/fvpj_zfs185c11sz0qq87f5r0000gn/T/tmpwuiy4v0o/model/data/model/assets]
[2024-03-18 16:46:36,617: INFO: main:  >>>>>> stage Data Ingestion stage started <<<<<<]
[2024-03-18 16:46:36,619: INFO: common: yaml file: config/config.yaml loaded successfully]
[2024-03-18 16:46:36,619: INFO: common: yaml file: params.yaml loaded successfully]
[2024-03-18 16:46:36,620: INFO: common: created directory at: artifacts]
[2024-03-18 16:46:36,620: INFO: common: created directory at: artifacts/data_ingestion]
[2024-03-18 16:46:36,620: INFO: data_ingestion: Downloading data from https://drive.google.com/file/d/1vlhZ5c7abUKF8xXERIw6m9Te8fW7ohw3/view into file artifacts/data_ingestion/data.zip]
[2024-03-18 16:46:41,617: INFO: data_ingestion: Downloaded data from https://drive.google.com/file/d/1vlhZ5c7abUKF8xXERIw6m9Te8fW7ohw3/view into file artifacts/data_ingestion/data.zip ]
[2024-03-18 16:46:41,955: INFO: main: >>>>>> stage Data Ingestion stage completed <<<<<<

x=============x]
[2024-03-18 16:46:41,955: INFO: main: *****************]
[2024-03-18 16:46:41,955: INFO: main: >>>>>> stage Prepare base model  started <<<<<<]
[2024-03-18 16:46:41,957: INFO: common: yaml file: config/config.yaml loaded successfully]
[2024-03-18 16:46:41,957: INFO: common: yaml file: params.yaml loaded successfully]
[2024-03-18 16:46:41,957: INFO: common: created directory at: artifacts]
[2024-03-18 16:46:41,957: INFO: common: created directory at: artifacts/prepare_base_model]
[2024-03-18 16:46:42,258: WARNING: saving_utils: Compiled the loaded model, but the compiled metrics have yet to be built. `model.compile_metrics` will be empty until you train or evaluate the model.]
[2024-03-18 16:46:42,325: WARNING: optimizer: At this time, the v2.11+ optimizer `tf.keras.optimizers.SGD` runs slowly on M1/M2 Macs, please use the legacy Keras optimizer instead, located at `tf.keras.optimizers.legacy.SGD`.]
[2024-03-18 16:46:42,326: WARNING: __init__: There is a known slowdown when using v2.11+ Keras optimizers on M1/M2 Macs. Falling back to the legacy Keras optimizer, i.e., `tf.keras.optimizers.legacy.SGD`.]
[2024-03-18 16:46:42,437: INFO: main: >>>>>> stage Prepare base model conpleted <<<<<<

x==========================x]
[2024-03-18 16:46:42,437: INFO: main: ********************************]
[2024-03-18 16:46:42,437: INFO: main: >>>>>> stage Model Training started <<<<<<]
[2024-03-18 16:46:42,438: INFO: common: yaml file: config/config.yaml loaded successfully]
[2024-03-18 16:46:42,439: INFO: common: yaml file: params.yaml loaded successfully]
[2024-03-18 16:46:42,439: INFO: common: created directory at: artifacts]
[2024-03-18 16:46:42,439: INFO: common: created directory at: artifacts/training]
[2024-03-18 16:47:24,423: INFO: main: >>>>>> stage Model Training completed <<<<<<

x=============x]
[2024-03-18 16:47:24,424: INFO: main: *******************]
[2024-03-18 16:47:24,424: INFO: main: >>>>>> stage Evaluation Stage started <<<<<<]
[2024-03-18 16:47:24,426: INFO: common: yaml file: config/config.yaml loaded successfully]
[2024-03-18 16:47:24,428: INFO: common: yaml file: params.yaml loaded successfully]
[2024-03-18 16:47:24,428: INFO: common: created directory at: artifacts]
[2024-03-18 16:47:38,995: INFO: common: json file saved at: scores.json]
[2024-03-18 16:47:38,996: INFO: common: json file saved at: scores.json]
[2024-03-18 16:47:41,620: INFO: builder_impl: Assets written to: /var/folders/22/fvpj_zfs185c11sz0qq87f5r0000gn/T/tmpyy042pgt/model/data/model/assets]
[2024-03-18 16:48:05,971: INFO: main: >>>>>> stage Evaluation Stage completed <<<<<<

x========================x]
[2024-03-18 16:49:49,339: INFO: main:  >>>>>> stage Data Ingestion stage started <<<<<<]
[2024-03-18 16:49:49,341: INFO: common: yaml file: config/config.yaml loaded successfully]
[2024-03-18 16:49:49,341: INFO: common: yaml file: params.yaml loaded successfully]
[2024-03-18 16:49:49,341: INFO: common: created directory at: artifacts]
[2024-03-18 16:49:49,341: INFO: common: created directory at: artifacts/data_ingestion]
[2024-03-18 16:49:49,341: INFO: data_ingestion: Downloading data from https://drive.google.com/file/d/1vlhZ5c7abUKF8xXERIw6m9Te8fW7ohw3/view into file artifacts/data_ingestion/data.zip]
[2024-03-18 16:49:54,835: INFO: data_ingestion: Downloaded data from https://drive.google.com/file/d/1vlhZ5c7abUKF8xXERIw6m9Te8fW7ohw3/view into file artifacts/data_ingestion/data.zip ]
[2024-03-18 16:49:55,174: INFO: main: >>>>>> stage Data Ingestion stage completed <<<<<<

x=============x]
[2024-03-18 16:49:55,175: INFO: main: *****************]
[2024-03-18 16:49:55,175: INFO: main: >>>>>> stage Prepare base model  started <<<<<<]
[2024-03-18 16:49:55,176: INFO: common: yaml file: config/config.yaml loaded successfully]
[2024-03-18 16:49:55,176: INFO: common: yaml file: params.yaml loaded successfully]
[2024-03-18 16:49:55,176: INFO: common: created directory at: artifacts]
[2024-03-18 16:49:55,176: INFO: common: created directory at: artifacts/prepare_base_model]
[2024-03-18 16:49:55,457: WARNING: saving_utils: Compiled the loaded model, but the compiled metrics have yet to be built. `model.compile_metrics` will be empty until you train or evaluate the model.]
[2024-03-18 16:49:55,517: WARNING: optimizer: At this time, the v2.11+ optimizer `tf.keras.optimizers.SGD` runs slowly on M1/M2 Macs, please use the legacy Keras optimizer instead, located at `tf.keras.optimizers.legacy.SGD`.]
[2024-03-18 16:49:55,518: WARNING: __init__: There is a known slowdown when using v2.11+ Keras optimizers on M1/M2 Macs. Falling back to the legacy Keras optimizer, i.e., `tf.keras.optimizers.legacy.SGD`.]
[2024-03-18 16:49:55,610: INFO: main: >>>>>> stage Prepare base model conpleted <<<<<<

x==========================x]
[2024-03-18 16:49:55,611: INFO: main: ********************************]
[2024-03-18 16:49:55,611: INFO: main: >>>>>> stage Model Training started <<<<<<]
[2024-03-18 16:49:55,612: INFO: common: yaml file: config/config.yaml loaded successfully]
[2024-03-18 16:49:55,613: INFO: common: yaml file: params.yaml loaded successfully]
[2024-03-18 16:49:55,613: INFO: common: created directory at: artifacts]
[2024-03-18 16:49:55,613: INFO: common: created directory at: artifacts/training]
[2024-03-18 16:51:31,218: INFO: main: >>>>>> stage Model Training completed <<<<<<

x=============x]
[2024-03-18 16:51:31,219: INFO: main: *******************]
[2024-03-18 16:51:31,219: INFO: main: >>>>>> stage Evaluation Stage started <<<<<<]
[2024-03-18 16:51:31,221: INFO: common: yaml file: config/config.yaml loaded successfully]
[2024-03-18 16:51:31,221: INFO: common: yaml file: params.yaml loaded successfully]
[2024-03-18 16:51:31,222: INFO: common: created directory at: artifacts]
[2024-03-18 16:51:48,546: INFO: common: json file saved at: scores.json]
[2024-03-18 16:51:48,547: INFO: common: json file saved at: scores.json]
[2024-03-18 16:51:51,702: INFO: builder_impl: Assets written to: /var/folders/22/fvpj_zfs185c11sz0qq87f5r0000gn/T/tmpzf2h0lyz/model/data/model/assets]
[2024-03-18 16:52:17,665: INFO: main: >>>>>> stage Evaluation Stage completed <<<<<<

x========================x]
[2024-03-18 18:05:21,525: INFO: stage_01_data_ingestion:  >>>>>> stage Data Ingestion stage started <<<<<<]
[2024-03-18 18:05:21,527: INFO: common: yaml file: config/config.yaml loaded successfully]
[2024-03-18 18:05:21,531: INFO: common: yaml file: params.yaml loaded successfully]
[2024-03-18 18:05:21,531: INFO: common: created directory at: artifacts]
[2024-03-18 18:05:21,531: INFO: common: created directory at: artifacts/data_ingestion]
[2024-03-18 18:05:21,531: INFO: data_ingestion: Downloading data from https://drive.google.com/file/d/1vlhZ5c7abUKF8xXERIw6m9Te8fW7ohw3/view into file artifacts/data_ingestion/data.zip]
[2024-03-18 18:05:27,183: INFO: data_ingestion: Downloaded data from https://drive.google.com/file/d/1vlhZ5c7abUKF8xXERIw6m9Te8fW7ohw3/view into file artifacts/data_ingestion/data.zip ]
[2024-03-18 18:05:27,663: INFO: stage_01_data_ingestion: >>>>>> stage Data Ingestion stage completed <<<<<<

x=============x]
[2024-03-18 18:05:31,822: INFO: stage_02_prepare_base_model: *****************]
[2024-03-18 18:05:31,823: INFO: stage_02_prepare_base_model: >>>>>> stage Prepare base model  started <<<<<<]
[2024-03-18 18:05:31,824: INFO: common: yaml file: config/config.yaml loaded successfully]
[2024-03-18 18:05:31,825: INFO: common: yaml file: params.yaml loaded successfully]
[2024-03-18 18:05:31,825: INFO: common: created directory at: artifacts]
[2024-03-18 18:05:31,825: INFO: common: created directory at: artifacts/prepare_base_model]
[2024-03-18 18:05:32,221: WARNING: saving_utils: Compiled the loaded model, but the compiled metrics have yet to be built. `model.compile_metrics` will be empty until you train or evaluate the model.]
[2024-03-18 18:05:32,298: WARNING: optimizer: At this time, the v2.11+ optimizer `tf.keras.optimizers.SGD` runs slowly on M1/M2 Macs, please use the legacy Keras optimizer instead, located at `tf.keras.optimizers.legacy.SGD`.]
[2024-03-18 18:05:32,299: WARNING: __init__: There is a known slowdown when using v2.11+ Keras optimizers on M1/M2 Macs. Falling back to the legacy Keras optimizer, i.e., `tf.keras.optimizers.legacy.SGD`.]
[2024-03-18 18:05:32,355: INFO: stage_02_prepare_base_model: >>>>>> stage Prepare base model conpleted <<<<<<

x==========================x]
[2024-03-18 18:05:36,167: INFO: stage_03_model_training: ********************************]
[2024-03-18 18:05:36,167: INFO: stage_03_model_training: >>>>>> stage Training started <<<<<<]
[2024-03-18 18:05:36,169: INFO: common: yaml file: config/config.yaml loaded successfully]
[2024-03-18 18:05:36,170: INFO: common: yaml file: params.yaml loaded successfully]
[2024-03-18 18:05:36,170: INFO: common: created directory at: artifacts]
[2024-03-18 18:05:36,170: INFO: common: created directory at: artifacts/training]
[2024-03-18 18:08:28,475: INFO: stage_03_model_training: >>>>>> stage Training completed <<<<<<

x=============x]
[2024-03-18 18:08:33,347: INFO: stage_04_model_evaluation: *******************]
[2024-03-18 18:08:33,347: INFO: stage_04_model_evaluation: >>>>>> stage Evaluation Stage started <<<<<<]
[2024-03-18 18:08:33,349: INFO: common: yaml file: config/config.yaml loaded successfully]
[2024-03-18 18:08:33,350: INFO: common: yaml file: params.yaml loaded successfully]
[2024-03-18 18:08:33,350: INFO: common: created directory at: artifacts]
[2024-03-18 18:09:00,674: INFO: common: json file saved at: scores.json]
[2024-03-18 18:09:00,675: INFO: common: json file saved at: scores.json]
[2024-03-18 18:09:04,678: INFO: builder_impl: Assets written to: /var/folders/22/fvpj_zfs185c11sz0qq87f5r0000gn/T/tmpfcv2wf0m/model/data/model/assets]
[2024-03-18 18:09:30,839: INFO: stage_04_model_evaluation: >>>>>> stage Evaluation Stage completed <<<<<<

x========================x]
